Archive member included to satisfy reference by file (symbol)

../libopencm3/lib/libopencm3_stm32f1.a(gpio.o)
                              adb.o (gpio_set_mode)
../libopencm3/lib/libopencm3_stm32f1.a(gpio_common_all.o)
                              adb.o (gpio_toggle)
../libopencm3/lib/libopencm3_stm32f1.a(rcc.o)
                              adb.o (rcc_clock_setup_in_hse_8mhz_out_72mhz)
../libopencm3/lib/libopencm3_stm32f1.a(rcc_common_all.o)
                              adb.o (rcc_periph_clock_enable)
../libopencm3/lib/libopencm3_stm32f1.a(vector.o)
                              (reset_handler)
../libopencm3/lib/libopencm3_stm32f1.a(assert.o)
                              ../libopencm3/lib/libopencm3_stm32f1.a(rcc.o) (cm3_assert_failed)
../libopencm3/lib/libopencm3_stm32f1.a(flash_common_all.o)
                              ../libopencm3/lib/libopencm3_stm32f1.a(rcc.o) (flash_set_ws)

Discarded input sections

 .group         0x0000000000000000        0xc adb.o
 .group         0x0000000000000000        0xc adb.o
 .group         0x0000000000000000        0xc adb.o
 .group         0x0000000000000000        0xc adb.o
 .group         0x0000000000000000        0xc adb.o
 .group         0x0000000000000000        0xc adb.o
 .group         0x0000000000000000        0xc adb.o
 .group         0x0000000000000000        0xc adb.o
 .group         0x0000000000000000        0xc adb.o
 .group         0x0000000000000000        0xc adb.o
 .group         0x0000000000000000        0xc adb.o
 .group         0x0000000000000000        0xc adb.o
 .group         0x0000000000000000        0xc adb.o
 .group         0x0000000000000000        0xc adb.o
 .group         0x0000000000000000        0xc adb.o
 .text          0x0000000000000000        0x0 adb.o
 .data          0x0000000000000000        0x0 adb.o
 .bss           0x0000000000000000        0x0 adb.o
 .group         0x0000000000000000        0xc ../libopencm3/lib/libopencm3_stm32f1.a(gpio.o)
 .group         0x0000000000000000        0xc ../libopencm3/lib/libopencm3_stm32f1.a(gpio.o)
 .group         0x0000000000000000        0xc ../libopencm3/lib/libopencm3_stm32f1.a(gpio.o)
 .group         0x0000000000000000        0xc ../libopencm3/lib/libopencm3_stm32f1.a(gpio.o)
 .group         0x0000000000000000        0xc ../libopencm3/lib/libopencm3_stm32f1.a(gpio.o)
 .group         0x0000000000000000        0xc ../libopencm3/lib/libopencm3_stm32f1.a(gpio.o)
 .group         0x0000000000000000        0xc ../libopencm3/lib/libopencm3_stm32f1.a(gpio.o)
 .group         0x0000000000000000        0xc ../libopencm3/lib/libopencm3_stm32f1.a(gpio.o)
 .group         0x0000000000000000        0xc ../libopencm3/lib/libopencm3_stm32f1.a(gpio.o)
 .group         0x0000000000000000        0xc ../libopencm3/lib/libopencm3_stm32f1.a(gpio.o)
 .group         0x0000000000000000        0xc ../libopencm3/lib/libopencm3_stm32f1.a(gpio.o)
 .group         0x0000000000000000        0xc ../libopencm3/lib/libopencm3_stm32f1.a(gpio.o)
 .group         0x0000000000000000        0xc ../libopencm3/lib/libopencm3_stm32f1.a(gpio.o)
 .group         0x0000000000000000        0xc ../libopencm3/lib/libopencm3_stm32f1.a(gpio.o)
 .text          0x0000000000000000        0x0 ../libopencm3/lib/libopencm3_stm32f1.a(gpio.o)
 .data          0x0000000000000000        0x0 ../libopencm3/lib/libopencm3_stm32f1.a(gpio.o)
 .bss           0x0000000000000000        0x0 ../libopencm3/lib/libopencm3_stm32f1.a(gpio.o)
 .text.gpio_set_eventout
                0x0000000000000000       0x10 ../libopencm3/lib/libopencm3_stm32f1.a(gpio.o)
 .text.gpio_primary_remap
                0x0000000000000000       0x14 ../libopencm3/lib/libopencm3_stm32f1.a(gpio.o)
 .text.gpio_secondary_remap
                0x0000000000000000       0x10 ../libopencm3/lib/libopencm3_stm32f1.a(gpio.o)
 .debug_macro   0x0000000000000000      0xa4e ../libopencm3/lib/libopencm3_stm32f1.a(gpio.o)
 .debug_macro   0x0000000000000000       0x1c ../libopencm3/lib/libopencm3_stm32f1.a(gpio.o)
 .debug_macro   0x0000000000000000       0x22 ../libopencm3/lib/libopencm3_stm32f1.a(gpio.o)
 .debug_macro   0x0000000000000000       0x56 ../libopencm3/lib/libopencm3_stm32f1.a(gpio.o)
 .debug_macro   0x0000000000000000       0x51 ../libopencm3/lib/libopencm3_stm32f1.a(gpio.o)
 .debug_macro   0x0000000000000000       0xef ../libopencm3/lib/libopencm3_stm32f1.a(gpio.o)
 .debug_macro   0x0000000000000000       0x6a ../libopencm3/lib/libopencm3_stm32f1.a(gpio.o)
 .debug_macro   0x0000000000000000      0x1df ../libopencm3/lib/libopencm3_stm32f1.a(gpio.o)
 .debug_macro   0x0000000000000000       0x22 ../libopencm3/lib/libopencm3_stm32f1.a(gpio.o)
 .debug_macro   0x0000000000000000       0xe8 ../libopencm3/lib/libopencm3_stm32f1.a(gpio.o)
 .debug_macro   0x0000000000000000       0x76 ../libopencm3/lib/libopencm3_stm32f1.a(gpio.o)
 .debug_macro   0x0000000000000000      0x1b4 ../libopencm3/lib/libopencm3_stm32f1.a(gpio.o)
 .debug_macro   0x0000000000000000       0x76 ../libopencm3/lib/libopencm3_stm32f1.a(gpio.o)
 .debug_macro   0x0000000000000000      0xe04 ../libopencm3/lib/libopencm3_stm32f1.a(gpio.o)
 .group         0x0000000000000000        0xc ../libopencm3/lib/libopencm3_stm32f1.a(gpio_common_all.o)
 .group         0x0000000000000000        0xc ../libopencm3/lib/libopencm3_stm32f1.a(gpio_common_all.o)
 .group         0x0000000000000000        0xc ../libopencm3/lib/libopencm3_stm32f1.a(gpio_common_all.o)
 .group         0x0000000000000000        0xc ../libopencm3/lib/libopencm3_stm32f1.a(gpio_common_all.o)
 .group         0x0000000000000000        0xc ../libopencm3/lib/libopencm3_stm32f1.a(gpio_common_all.o)
 .group         0x0000000000000000        0xc ../libopencm3/lib/libopencm3_stm32f1.a(gpio_common_all.o)
 .group         0x0000000000000000        0xc ../libopencm3/lib/libopencm3_stm32f1.a(gpio_common_all.o)
 .group         0x0000000000000000        0xc ../libopencm3/lib/libopencm3_stm32f1.a(gpio_common_all.o)
 .group         0x0000000000000000        0xc ../libopencm3/lib/libopencm3_stm32f1.a(gpio_common_all.o)
 .group         0x0000000000000000        0xc ../libopencm3/lib/libopencm3_stm32f1.a(gpio_common_all.o)
 .group         0x0000000000000000        0xc ../libopencm3/lib/libopencm3_stm32f1.a(gpio_common_all.o)
 .group         0x0000000000000000        0xc ../libopencm3/lib/libopencm3_stm32f1.a(gpio_common_all.o)
 .group         0x0000000000000000        0xc ../libopencm3/lib/libopencm3_stm32f1.a(gpio_common_all.o)
 .group         0x0000000000000000        0xc ../libopencm3/lib/libopencm3_stm32f1.a(gpio_common_all.o)
 .text          0x0000000000000000        0x0 ../libopencm3/lib/libopencm3_stm32f1.a(gpio_common_all.o)
 .data          0x0000000000000000        0x0 ../libopencm3/lib/libopencm3_stm32f1.a(gpio_common_all.o)
 .bss           0x0000000000000000        0x0 ../libopencm3/lib/libopencm3_stm32f1.a(gpio_common_all.o)
 .text.gpio_set
                0x0000000000000000        0x4 ../libopencm3/lib/libopencm3_stm32f1.a(gpio_common_all.o)
 .text.gpio_clear
                0x0000000000000000        0x6 ../libopencm3/lib/libopencm3_stm32f1.a(gpio_common_all.o)
 .text.gpio_get
                0x0000000000000000        0x6 ../libopencm3/lib/libopencm3_stm32f1.a(gpio_common_all.o)
 .text.gpio_port_read
                0x0000000000000000        0x6 ../libopencm3/lib/libopencm3_stm32f1.a(gpio_common_all.o)
 .text.gpio_port_write
                0x0000000000000000        0x4 ../libopencm3/lib/libopencm3_stm32f1.a(gpio_common_all.o)
 .text.gpio_port_config_lock
                0x0000000000000000       0x10 ../libopencm3/lib/libopencm3_stm32f1.a(gpio_common_all.o)
 .debug_macro   0x0000000000000000      0xa4e ../libopencm3/lib/libopencm3_stm32f1.a(gpio_common_all.o)
 .debug_macro   0x0000000000000000       0x1c ../libopencm3/lib/libopencm3_stm32f1.a(gpio_common_all.o)
 .debug_macro   0x0000000000000000       0x22 ../libopencm3/lib/libopencm3_stm32f1.a(gpio_common_all.o)
 .debug_macro   0x0000000000000000       0x56 ../libopencm3/lib/libopencm3_stm32f1.a(gpio_common_all.o)
 .debug_macro   0x0000000000000000       0x51 ../libopencm3/lib/libopencm3_stm32f1.a(gpio_common_all.o)
 .debug_macro   0x0000000000000000       0xef ../libopencm3/lib/libopencm3_stm32f1.a(gpio_common_all.o)
 .debug_macro   0x0000000000000000       0x6a ../libopencm3/lib/libopencm3_stm32f1.a(gpio_common_all.o)
 .debug_macro   0x0000000000000000      0x1df ../libopencm3/lib/libopencm3_stm32f1.a(gpio_common_all.o)
 .debug_macro   0x0000000000000000       0x22 ../libopencm3/lib/libopencm3_stm32f1.a(gpio_common_all.o)
 .debug_macro   0x0000000000000000       0xe8 ../libopencm3/lib/libopencm3_stm32f1.a(gpio_common_all.o)
 .debug_macro   0x0000000000000000       0x76 ../libopencm3/lib/libopencm3_stm32f1.a(gpio_common_all.o)
 .debug_macro   0x0000000000000000      0x1b4 ../libopencm3/lib/libopencm3_stm32f1.a(gpio_common_all.o)
 .debug_macro   0x0000000000000000       0x76 ../libopencm3/lib/libopencm3_stm32f1.a(gpio_common_all.o)
 .debug_macro   0x0000000000000000      0xe04 ../libopencm3/lib/libopencm3_stm32f1.a(gpio_common_all.o)
 .group         0x0000000000000000        0xc ../libopencm3/lib/libopencm3_stm32f1.a(rcc.o)
 .group         0x0000000000000000        0xc ../libopencm3/lib/libopencm3_stm32f1.a(rcc.o)
 .group         0x0000000000000000        0xc ../libopencm3/lib/libopencm3_stm32f1.a(rcc.o)
 .group         0x0000000000000000        0xc ../libopencm3/lib/libopencm3_stm32f1.a(rcc.o)
 .group         0x0000000000000000        0xc ../libopencm3/lib/libopencm3_stm32f1.a(rcc.o)
 .group         0x0000000000000000        0xc ../libopencm3/lib/libopencm3_stm32f1.a(rcc.o)
 .group         0x0000000000000000        0xc ../libopencm3/lib/libopencm3_stm32f1.a(rcc.o)
 .group         0x0000000000000000        0xc ../libopencm3/lib/libopencm3_stm32f1.a(rcc.o)
 .group         0x0000000000000000        0xc ../libopencm3/lib/libopencm3_stm32f1.a(rcc.o)
 .group         0x0000000000000000        0xc ../libopencm3/lib/libopencm3_stm32f1.a(rcc.o)
 .group         0x0000000000000000        0xc ../libopencm3/lib/libopencm3_stm32f1.a(rcc.o)
 .group         0x0000000000000000        0xc ../libopencm3/lib/libopencm3_stm32f1.a(rcc.o)
 .group         0x0000000000000000        0xc ../libopencm3/lib/libopencm3_stm32f1.a(rcc.o)
 .group         0x0000000000000000        0xc ../libopencm3/lib/libopencm3_stm32f1.a(rcc.o)
 .group         0x0000000000000000        0xc ../libopencm3/lib/libopencm3_stm32f1.a(rcc.o)
 .group         0x0000000000000000        0xc ../libopencm3/lib/libopencm3_stm32f1.a(rcc.o)
 .text          0x0000000000000000        0x0 ../libopencm3/lib/libopencm3_stm32f1.a(rcc.o)
 .data          0x0000000000000000        0x0 ../libopencm3/lib/libopencm3_stm32f1.a(rcc.o)
 .bss           0x0000000000000000        0x0 ../libopencm3/lib/libopencm3_stm32f1.a(rcc.o)
 .text.rcc_osc_ready_int_clear
                0x0000000000000000       0x5c ../libopencm3/lib/libopencm3_stm32f1.a(rcc.o)
 .text.rcc_osc_ready_int_enable
                0x0000000000000000       0x5c ../libopencm3/lib/libopencm3_stm32f1.a(rcc.o)
 .text.rcc_osc_ready_int_disable
                0x0000000000000000       0x5c ../libopencm3/lib/libopencm3_stm32f1.a(rcc.o)
 .text.rcc_osc_ready_int_flag
                0x0000000000000000       0x54 ../libopencm3/lib/libopencm3_stm32f1.a(rcc.o)
 .text.rcc_css_int_clear
                0x0000000000000000       0x10 ../libopencm3/lib/libopencm3_stm32f1.a(rcc.o)
 .text.rcc_css_int_flag
                0x0000000000000000       0x10 ../libopencm3/lib/libopencm3_stm32f1.a(rcc.o)
 .text.rcc_osc_off
                0x0000000000000000       0x58 ../libopencm3/lib/libopencm3_stm32f1.a(rcc.o)
 .text.rcc_css_enable
                0x0000000000000000       0x10 ../libopencm3/lib/libopencm3_stm32f1.a(rcc.o)
 .text.rcc_css_disable
                0x0000000000000000       0x10 ../libopencm3/lib/libopencm3_stm32f1.a(rcc.o)
 .text.rcc_set_pll2_multiplication_factor
                0x0000000000000000       0x14 ../libopencm3/lib/libopencm3_stm32f1.a(rcc.o)
 .text.rcc_set_pll3_multiplication_factor
                0x0000000000000000       0x14 ../libopencm3/lib/libopencm3_stm32f1.a(rcc.o)
 .text.rcc_rtc_clock_enabled_flag
                0x0000000000000000       0x10 ../libopencm3/lib/libopencm3_stm32f1.a(rcc.o)
 .text.rcc_enable_rtc_clock
                0x0000000000000000       0x10 ../libopencm3/lib/libopencm3_stm32f1.a(rcc.o)
 .text.rcc_set_rtc_clock_source
                0x0000000000000000       0x90 ../libopencm3/lib/libopencm3_stm32f1.a(rcc.o)
 .text.rcc_set_usbpre
                0x0000000000000000       0x18 ../libopencm3/lib/libopencm3_stm32f1.a(rcc.o)
 .text.rcc_set_prediv1
                0x0000000000000000       0x14 ../libopencm3/lib/libopencm3_stm32f1.a(rcc.o)
 .text.rcc_set_prediv2
                0x0000000000000000       0x14 ../libopencm3/lib/libopencm3_stm32f1.a(rcc.o)
 .text.rcc_set_prediv1_source
                0x0000000000000000       0x18 ../libopencm3/lib/libopencm3_stm32f1.a(rcc.o)
 .text.rcc_system_clock_source
                0x0000000000000000       0x10 ../libopencm3/lib/libopencm3_stm32f1.a(rcc.o)
 .text.rcc_clock_setup_in_hsi_out_64mhz
                0x0000000000000000       0x74 ../libopencm3/lib/libopencm3_stm32f1.a(rcc.o)
 .text.rcc_clock_setup_in_hsi_out_48mhz
                0x0000000000000000       0x84 ../libopencm3/lib/libopencm3_stm32f1.a(rcc.o)
 .text.rcc_clock_setup_in_hsi_out_24mhz
                0x0000000000000000       0x70 ../libopencm3/lib/libopencm3_stm32f1.a(rcc.o)
 .text.rcc_clock_setup_in_hse_8mhz_out_24mhz
                0x0000000000000000       0x88 ../libopencm3/lib/libopencm3_stm32f1.a(rcc.o)
 .text.rcc_clock_setup_in_hse_12mhz_out_72mhz
                0x0000000000000000       0x8c ../libopencm3/lib/libopencm3_stm32f1.a(rcc.o)
 .text.rcc_clock_setup_in_hse_16mhz_out_72mhz
                0x0000000000000000       0x8c ../libopencm3/lib/libopencm3_stm32f1.a(rcc.o)
 .text.rcc_clock_setup_in_hse_25mhz_out_72mhz
                0x0000000000000000       0xac ../libopencm3/lib/libopencm3_stm32f1.a(rcc.o)
 .text.rcc_backupdomain_reset
                0x0000000000000000       0x18 ../libopencm3/lib/libopencm3_stm32f1.a(rcc.o)
 .debug_macro   0x0000000000000000      0xa4e ../libopencm3/lib/libopencm3_stm32f1.a(rcc.o)
 .debug_macro   0x0000000000000000       0x1c ../libopencm3/lib/libopencm3_stm32f1.a(rcc.o)
 .debug_macro   0x0000000000000000       0x22 ../libopencm3/lib/libopencm3_stm32f1.a(rcc.o)
 .debug_macro   0x0000000000000000       0x56 ../libopencm3/lib/libopencm3_stm32f1.a(rcc.o)
 .debug_macro   0x0000000000000000       0x51 ../libopencm3/lib/libopencm3_stm32f1.a(rcc.o)
 .debug_macro   0x0000000000000000       0xef ../libopencm3/lib/libopencm3_stm32f1.a(rcc.o)
 .debug_macro   0x0000000000000000       0x6a ../libopencm3/lib/libopencm3_stm32f1.a(rcc.o)
 .debug_macro   0x0000000000000000      0x1df ../libopencm3/lib/libopencm3_stm32f1.a(rcc.o)
 .debug_macro   0x0000000000000000       0x22 ../libopencm3/lib/libopencm3_stm32f1.a(rcc.o)
 .debug_macro   0x0000000000000000       0xe8 ../libopencm3/lib/libopencm3_stm32f1.a(rcc.o)
 .debug_macro   0x0000000000000000       0x76 ../libopencm3/lib/libopencm3_stm32f1.a(rcc.o)
 .debug_macro   0x0000000000000000      0x1b4 ../libopencm3/lib/libopencm3_stm32f1.a(rcc.o)
 .debug_macro   0x0000000000000000      0x82c ../libopencm3/lib/libopencm3_stm32f1.a(rcc.o)
 .group         0x0000000000000000        0xc ../libopencm3/lib/libopencm3_stm32f1.a(rcc_common_all.o)
 .group         0x0000000000000000        0xc ../libopencm3/lib/libopencm3_stm32f1.a(rcc_common_all.o)
 .group         0x0000000000000000        0xc ../libopencm3/lib/libopencm3_stm32f1.a(rcc_common_all.o)
 .group         0x0000000000000000        0xc ../libopencm3/lib/libopencm3_stm32f1.a(rcc_common_all.o)
 .group         0x0000000000000000        0xc ../libopencm3/lib/libopencm3_stm32f1.a(rcc_common_all.o)
 .group         0x0000000000000000        0xc ../libopencm3/lib/libopencm3_stm32f1.a(rcc_common_all.o)
 .group         0x0000000000000000        0xc ../libopencm3/lib/libopencm3_stm32f1.a(rcc_common_all.o)
 .group         0x0000000000000000        0xc ../libopencm3/lib/libopencm3_stm32f1.a(rcc_common_all.o)
 .group         0x0000000000000000        0xc ../libopencm3/lib/libopencm3_stm32f1.a(rcc_common_all.o)
 .group         0x0000000000000000        0xc ../libopencm3/lib/libopencm3_stm32f1.a(rcc_common_all.o)
 .group         0x0000000000000000        0xc ../libopencm3/lib/libopencm3_stm32f1.a(rcc_common_all.o)
 .group         0x0000000000000000        0xc ../libopencm3/lib/libopencm3_stm32f1.a(rcc_common_all.o)
 .group         0x0000000000000000        0xc ../libopencm3/lib/libopencm3_stm32f1.a(rcc_common_all.o)
 .text          0x0000000000000000        0x0 ../libopencm3/lib/libopencm3_stm32f1.a(rcc_common_all.o)
 .data          0x0000000000000000        0x0 ../libopencm3/lib/libopencm3_stm32f1.a(rcc_common_all.o)
 .bss           0x0000000000000000        0x0 ../libopencm3/lib/libopencm3_stm32f1.a(rcc_common_all.o)
 .text.rcc_peripheral_enable_clock
                0x0000000000000000        0x8 ../libopencm3/lib/libopencm3_stm32f1.a(rcc_common_all.o)
 .text.rcc_peripheral_disable_clock
                0x0000000000000000        0xa ../libopencm3/lib/libopencm3_stm32f1.a(rcc_common_all.o)
 .text.rcc_peripheral_reset
                0x0000000000000000        0x8 ../libopencm3/lib/libopencm3_stm32f1.a(rcc_common_all.o)
 .text.rcc_peripheral_clear_reset
                0x0000000000000000        0xa ../libopencm3/lib/libopencm3_stm32f1.a(rcc_common_all.o)
 .text.rcc_periph_clock_disable
                0x0000000000000000       0x1e ../libopencm3/lib/libopencm3_stm32f1.a(rcc_common_all.o)
 .text.rcc_periph_reset_pulse
                0x0000000000000000       0x22 ../libopencm3/lib/libopencm3_stm32f1.a(rcc_common_all.o)
 .text.rcc_periph_reset_hold
                0x0000000000000000       0x1a ../libopencm3/lib/libopencm3_stm32f1.a(rcc_common_all.o)
 .text.rcc_periph_reset_release
                0x0000000000000000       0x1e ../libopencm3/lib/libopencm3_stm32f1.a(rcc_common_all.o)
 .text.rcc_set_mco
                0x0000000000000000       0x14 ../libopencm3/lib/libopencm3_stm32f1.a(rcc_common_all.o)
 .text.rcc_osc_bypass_enable
                0x0000000000000000       0x28 ../libopencm3/lib/libopencm3_stm32f1.a(rcc_common_all.o)
 .text.rcc_osc_bypass_disable
                0x0000000000000000       0x28 ../libopencm3/lib/libopencm3_stm32f1.a(rcc_common_all.o)
 .debug_macro   0x0000000000000000      0xa4e ../libopencm3/lib/libopencm3_stm32f1.a(rcc_common_all.o)
 .debug_macro   0x0000000000000000       0x1c ../libopencm3/lib/libopencm3_stm32f1.a(rcc_common_all.o)
 .debug_macro   0x0000000000000000       0x22 ../libopencm3/lib/libopencm3_stm32f1.a(rcc_common_all.o)
 .debug_macro   0x0000000000000000       0x56 ../libopencm3/lib/libopencm3_stm32f1.a(rcc_common_all.o)
 .debug_macro   0x0000000000000000       0x51 ../libopencm3/lib/libopencm3_stm32f1.a(rcc_common_all.o)
 .debug_macro   0x0000000000000000       0xef ../libopencm3/lib/libopencm3_stm32f1.a(rcc_common_all.o)
 .debug_macro   0x0000000000000000       0x6a ../libopencm3/lib/libopencm3_stm32f1.a(rcc_common_all.o)
 .debug_macro   0x0000000000000000      0x1df ../libopencm3/lib/libopencm3_stm32f1.a(rcc_common_all.o)
 .debug_macro   0x0000000000000000       0x22 ../libopencm3/lib/libopencm3_stm32f1.a(rcc_common_all.o)
 .debug_macro   0x0000000000000000       0xe8 ../libopencm3/lib/libopencm3_stm32f1.a(rcc_common_all.o)
 .debug_macro   0x0000000000000000       0x76 ../libopencm3/lib/libopencm3_stm32f1.a(rcc_common_all.o)
 .debug_macro   0x0000000000000000      0x1b4 ../libopencm3/lib/libopencm3_stm32f1.a(rcc_common_all.o)
 .debug_macro   0x0000000000000000      0x82c ../libopencm3/lib/libopencm3_stm32f1.a(rcc_common_all.o)
 .group         0x0000000000000000        0xc ../libopencm3/lib/libopencm3_stm32f1.a(vector.o)
 .group         0x0000000000000000        0xc ../libopencm3/lib/libopencm3_stm32f1.a(vector.o)
 .group         0x0000000000000000        0xc ../libopencm3/lib/libopencm3_stm32f1.a(vector.o)
 .group         0x0000000000000000        0xc ../libopencm3/lib/libopencm3_stm32f1.a(vector.o)
 .group         0x0000000000000000        0xc ../libopencm3/lib/libopencm3_stm32f1.a(vector.o)
 .group         0x0000000000000000        0xc ../libopencm3/lib/libopencm3_stm32f1.a(vector.o)
 .group         0x0000000000000000        0xc ../libopencm3/lib/libopencm3_stm32f1.a(vector.o)
 .group         0x0000000000000000        0xc ../libopencm3/lib/libopencm3_stm32f1.a(vector.o)
 .group         0x0000000000000000        0xc ../libopencm3/lib/libopencm3_stm32f1.a(vector.o)
 .group         0x0000000000000000        0xc ../libopencm3/lib/libopencm3_stm32f1.a(vector.o)
 .group         0x0000000000000000        0xc ../libopencm3/lib/libopencm3_stm32f1.a(vector.o)
 .group         0x0000000000000000        0xc ../libopencm3/lib/libopencm3_stm32f1.a(vector.o)
 .group         0x0000000000000000        0xc ../libopencm3/lib/libopencm3_stm32f1.a(vector.o)
 .group         0x0000000000000000        0xc ../libopencm3/lib/libopencm3_stm32f1.a(vector.o)
 .text          0x0000000000000000        0x0 ../libopencm3/lib/libopencm3_stm32f1.a(vector.o)
 .data          0x0000000000000000        0x0 ../libopencm3/lib/libopencm3_stm32f1.a(vector.o)
 .bss           0x0000000000000000        0x0 ../libopencm3/lib/libopencm3_stm32f1.a(vector.o)
 .debug_macro   0x0000000000000000      0xa4e ../libopencm3/lib/libopencm3_stm32f1.a(vector.o)
 .debug_macro   0x0000000000000000       0x76 ../libopencm3/lib/libopencm3_stm32f1.a(vector.o)
 .debug_macro   0x0000000000000000       0x1c ../libopencm3/lib/libopencm3_stm32f1.a(vector.o)
 .debug_macro   0x0000000000000000       0x22 ../libopencm3/lib/libopencm3_stm32f1.a(vector.o)
 .debug_macro   0x0000000000000000       0x56 ../libopencm3/lib/libopencm3_stm32f1.a(vector.o)
 .debug_macro   0x0000000000000000       0x51 ../libopencm3/lib/libopencm3_stm32f1.a(vector.o)
 .debug_macro   0x0000000000000000       0xef ../libopencm3/lib/libopencm3_stm32f1.a(vector.o)
 .debug_macro   0x0000000000000000       0x6a ../libopencm3/lib/libopencm3_stm32f1.a(vector.o)
 .debug_macro   0x0000000000000000      0x1df ../libopencm3/lib/libopencm3_stm32f1.a(vector.o)
 .debug_macro   0x0000000000000000       0x22 ../libopencm3/lib/libopencm3_stm32f1.a(vector.o)
 .debug_macro   0x0000000000000000       0xe8 ../libopencm3/lib/libopencm3_stm32f1.a(vector.o)
 .group         0x0000000000000000        0xc ../libopencm3/lib/libopencm3_stm32f1.a(assert.o)
 .group         0x0000000000000000        0xc ../libopencm3/lib/libopencm3_stm32f1.a(assert.o)
 .group         0x0000000000000000        0xc ../libopencm3/lib/libopencm3_stm32f1.a(assert.o)
 .group         0x0000000000000000        0xc ../libopencm3/lib/libopencm3_stm32f1.a(assert.o)
 .group         0x0000000000000000        0xc ../libopencm3/lib/libopencm3_stm32f1.a(assert.o)
 .group         0x0000000000000000        0xc ../libopencm3/lib/libopencm3_stm32f1.a(assert.o)
 .group         0x0000000000000000        0xc ../libopencm3/lib/libopencm3_stm32f1.a(assert.o)
 .group         0x0000000000000000        0xc ../libopencm3/lib/libopencm3_stm32f1.a(assert.o)
 .group         0x0000000000000000        0xc ../libopencm3/lib/libopencm3_stm32f1.a(assert.o)
 .group         0x0000000000000000        0xc ../libopencm3/lib/libopencm3_stm32f1.a(assert.o)
 .group         0x0000000000000000        0xc ../libopencm3/lib/libopencm3_stm32f1.a(assert.o)
 .text          0x0000000000000000        0x0 ../libopencm3/lib/libopencm3_stm32f1.a(assert.o)
 .data          0x0000000000000000        0x0 ../libopencm3/lib/libopencm3_stm32f1.a(assert.o)
 .bss           0x0000000000000000        0x0 ../libopencm3/lib/libopencm3_stm32f1.a(assert.o)
 .text.cm3_assert_failed
                0x0000000000000000        0x2 ../libopencm3/lib/libopencm3_stm32f1.a(assert.o)
 .text.cm3_assert_failed_verbose
                0x0000000000000000        0x6 ../libopencm3/lib/libopencm3_stm32f1.a(assert.o)
 .debug_info    0x0000000000000000       0xee ../libopencm3/lib/libopencm3_stm32f1.a(assert.o)
 .debug_abbrev  0x0000000000000000       0x8f ../libopencm3/lib/libopencm3_stm32f1.a(assert.o)
 .debug_loc     0x0000000000000000       0x84 ../libopencm3/lib/libopencm3_stm32f1.a(assert.o)
 .debug_aranges
                0x0000000000000000       0x28 ../libopencm3/lib/libopencm3_stm32f1.a(assert.o)
 .debug_ranges  0x0000000000000000       0x18 ../libopencm3/lib/libopencm3_stm32f1.a(assert.o)
 .debug_macro   0x0000000000000000       0x89 ../libopencm3/lib/libopencm3_stm32f1.a(assert.o)
 .debug_macro   0x0000000000000000      0xa4e ../libopencm3/lib/libopencm3_stm32f1.a(assert.o)
 .debug_macro   0x0000000000000000       0x1c ../libopencm3/lib/libopencm3_stm32f1.a(assert.o)
 .debug_macro   0x0000000000000000       0x22 ../libopencm3/lib/libopencm3_stm32f1.a(assert.o)
 .debug_macro   0x0000000000000000       0x56 ../libopencm3/lib/libopencm3_stm32f1.a(assert.o)
 .debug_macro   0x0000000000000000       0x51 ../libopencm3/lib/libopencm3_stm32f1.a(assert.o)
 .debug_macro   0x0000000000000000       0xef ../libopencm3/lib/libopencm3_stm32f1.a(assert.o)
 .debug_macro   0x0000000000000000       0x6a ../libopencm3/lib/libopencm3_stm32f1.a(assert.o)
 .debug_macro   0x0000000000000000      0x1df ../libopencm3/lib/libopencm3_stm32f1.a(assert.o)
 .debug_macro   0x0000000000000000       0x22 ../libopencm3/lib/libopencm3_stm32f1.a(assert.o)
 .debug_macro   0x0000000000000000       0xe8 ../libopencm3/lib/libopencm3_stm32f1.a(assert.o)
 .debug_macro   0x0000000000000000       0x16 ../libopencm3/lib/libopencm3_stm32f1.a(assert.o)
 .debug_line    0x0000000000000000      0x1e7 ../libopencm3/lib/libopencm3_stm32f1.a(assert.o)
 .debug_str     0x0000000000000000     0x3fea ../libopencm3/lib/libopencm3_stm32f1.a(assert.o)
 .comment       0x0000000000000000       0x80 ../libopencm3/lib/libopencm3_stm32f1.a(assert.o)
 .debug_frame   0x0000000000000000       0x38 ../libopencm3/lib/libopencm3_stm32f1.a(assert.o)
 .ARM.attributes
                0x0000000000000000       0x33 ../libopencm3/lib/libopencm3_stm32f1.a(assert.o)
 .group         0x0000000000000000        0xc ../libopencm3/lib/libopencm3_stm32f1.a(flash_common_all.o)
 .group         0x0000000000000000        0xc ../libopencm3/lib/libopencm3_stm32f1.a(flash_common_all.o)
 .group         0x0000000000000000        0xc ../libopencm3/lib/libopencm3_stm32f1.a(flash_common_all.o)
 .group         0x0000000000000000        0xc ../libopencm3/lib/libopencm3_stm32f1.a(flash_common_all.o)
 .group         0x0000000000000000        0xc ../libopencm3/lib/libopencm3_stm32f1.a(flash_common_all.o)
 .group         0x0000000000000000        0xc ../libopencm3/lib/libopencm3_stm32f1.a(flash_common_all.o)
 .group         0x0000000000000000        0xc ../libopencm3/lib/libopencm3_stm32f1.a(flash_common_all.o)
 .group         0x0000000000000000        0xc ../libopencm3/lib/libopencm3_stm32f1.a(flash_common_all.o)
 .group         0x0000000000000000        0xc ../libopencm3/lib/libopencm3_stm32f1.a(flash_common_all.o)
 .group         0x0000000000000000        0xc ../libopencm3/lib/libopencm3_stm32f1.a(flash_common_all.o)
 .group         0x0000000000000000        0xc ../libopencm3/lib/libopencm3_stm32f1.a(flash_common_all.o)
 .group         0x0000000000000000        0xc ../libopencm3/lib/libopencm3_stm32f1.a(flash_common_all.o)
 .group         0x0000000000000000        0xc ../libopencm3/lib/libopencm3_stm32f1.a(flash_common_all.o)
 .group         0x0000000000000000        0xc ../libopencm3/lib/libopencm3_stm32f1.a(flash_common_all.o)
 .text          0x0000000000000000        0x0 ../libopencm3/lib/libopencm3_stm32f1.a(flash_common_all.o)
 .data          0x0000000000000000        0x0 ../libopencm3/lib/libopencm3_stm32f1.a(flash_common_all.o)
 .bss           0x0000000000000000        0x0 ../libopencm3/lib/libopencm3_stm32f1.a(flash_common_all.o)
 .text.flash_prefetch_enable
                0x0000000000000000       0x10 ../libopencm3/lib/libopencm3_stm32f1.a(flash_common_all.o)
 .text.flash_prefetch_disable
                0x0000000000000000       0x10 ../libopencm3/lib/libopencm3_stm32f1.a(flash_common_all.o)
 .text.flash_unlock_option_bytes
                0x0000000000000000       0x18 ../libopencm3/lib/libopencm3_stm32f1.a(flash_common_all.o)
 .debug_macro   0x0000000000000000      0xa4e ../libopencm3/lib/libopencm3_stm32f1.a(flash_common_all.o)
 .debug_macro   0x0000000000000000       0x1c ../libopencm3/lib/libopencm3_stm32f1.a(flash_common_all.o)
 .debug_macro   0x0000000000000000       0x22 ../libopencm3/lib/libopencm3_stm32f1.a(flash_common_all.o)
 .debug_macro   0x0000000000000000       0x56 ../libopencm3/lib/libopencm3_stm32f1.a(flash_common_all.o)
 .debug_macro   0x0000000000000000       0x51 ../libopencm3/lib/libopencm3_stm32f1.a(flash_common_all.o)
 .debug_macro   0x0000000000000000       0xef ../libopencm3/lib/libopencm3_stm32f1.a(flash_common_all.o)
 .debug_macro   0x0000000000000000       0x6a ../libopencm3/lib/libopencm3_stm32f1.a(flash_common_all.o)
 .debug_macro   0x0000000000000000      0x1df ../libopencm3/lib/libopencm3_stm32f1.a(flash_common_all.o)
 .debug_macro   0x0000000000000000       0x22 ../libopencm3/lib/libopencm3_stm32f1.a(flash_common_all.o)
 .debug_macro   0x0000000000000000       0xe8 ../libopencm3/lib/libopencm3_stm32f1.a(flash_common_all.o)
 .debug_macro   0x0000000000000000       0x76 ../libopencm3/lib/libopencm3_stm32f1.a(flash_common_all.o)
 .debug_macro   0x0000000000000000      0x1b4 ../libopencm3/lib/libopencm3_stm32f1.a(flash_common_all.o)
 .debug_macro   0x0000000000000000       0xee ../libopencm3/lib/libopencm3_stm32f1.a(flash_common_all.o)
 .debug_macro   0x0000000000000000       0x82 ../libopencm3/lib/libopencm3_stm32f1.a(flash_common_all.o)

Memory Configuration

Name             Origin             Length             Attributes
ram              0x0000000020000c00 0x0000000000004400 xrw
rom              0x0000000008002000 0x000000000001e000 xr
*default*        0x0000000000000000 0xffffffffffffffff

Linker script and memory map

LOAD adb.o
LOAD ../libopencm3/lib/libopencm3_stm32f1.a
START GROUP
LOAD /usr/local/gcc-arm-none-eabi/bin/../lib/gcc/arm-none-eabi/7.3.1/../../../../arm-none-eabi/lib/thumb/v7-m/libc.a
LOAD /usr/local/gcc-arm-none-eabi/bin/../lib/gcc/arm-none-eabi/7.3.1/thumb/v7-m/libgcc.a
LOAD /usr/local/gcc-arm-none-eabi/bin/../lib/gcc/arm-none-eabi/7.3.1/../../../../arm-none-eabi/lib/thumb/v7-m/libnosys.a
END GROUP
START GROUP
LOAD /usr/local/gcc-arm-none-eabi/bin/../lib/gcc/arm-none-eabi/7.3.1/thumb/v7-m/libgcc.a
LOAD /usr/local/gcc-arm-none-eabi/bin/../lib/gcc/arm-none-eabi/7.3.1/../../../../arm-none-eabi/lib/thumb/v7-m/libg.a
LOAD /usr/local/gcc-arm-none-eabi/bin/../lib/gcc/arm-none-eabi/7.3.1/../../../../arm-none-eabi/lib/thumb/v7-m/libc.a
END GROUP

.text           0x0000000008002000      0x4c0
 *(.vectors)
 .vectors       0x0000000008002000      0x150 ../libopencm3/lib/libopencm3_stm32f1.a(vector.o)
                0x0000000008002000                vector_table
 *(.text*)
 .text.startup.main
                0x0000000008002150       0x38 adb.o
                0x0000000008002150                main
 .text.gpio_set_mode
                0x0000000008002188       0x62 ../libopencm3/lib/libopencm3_stm32f1.a(gpio.o)
                0x0000000008002188                gpio_set_mode
 .text.gpio_toggle
                0x00000000080021ea       0x12 ../libopencm3/lib/libopencm3_stm32f1.a(gpio_common_all.o)
                0x00000000080021ea                gpio_toggle
 .text.rcc_osc_on.part.1
                0x00000000080021fc       0x10 ../libopencm3/lib/libopencm3_stm32f1.a(rcc.o)
 .text.rcc_is_osc_ready
                0x000000000800220c       0x5c ../libopencm3/lib/libopencm3_stm32f1.a(rcc.o)
                0x000000000800220c                rcc_is_osc_ready
 .text.rcc_wait_for_osc_ready
                0x0000000008002268       0x10 ../libopencm3/lib/libopencm3_stm32f1.a(rcc.o)
                0x0000000008002268                rcc_wait_for_osc_ready
 .text.rcc_osc_on
                0x0000000008002278       0x54 ../libopencm3/lib/libopencm3_stm32f1.a(rcc.o)
                0x0000000008002278                rcc_osc_on
 .text.rcc_set_sysclk_source
                0x00000000080022cc       0x14 ../libopencm3/lib/libopencm3_stm32f1.a(rcc.o)
                0x00000000080022cc                rcc_set_sysclk_source
 .text.rcc_set_pll_multiplication_factor
                0x00000000080022e0       0x14 ../libopencm3/lib/libopencm3_stm32f1.a(rcc.o)
                0x00000000080022e0                rcc_set_pll_multiplication_factor
 .text.rcc_set_pll_source
                0x00000000080022f4       0x14 ../libopencm3/lib/libopencm3_stm32f1.a(rcc.o)
                0x00000000080022f4                rcc_set_pll_source
 .text.rcc_set_pllxtpre
                0x0000000008002308       0x14 ../libopencm3/lib/libopencm3_stm32f1.a(rcc.o)
                0x0000000008002308                rcc_set_pllxtpre
 .text.rcc_set_adcpre
                0x000000000800231c       0x14 ../libopencm3/lib/libopencm3_stm32f1.a(rcc.o)
                0x000000000800231c                rcc_set_adcpre
 .text.rcc_set_ppre2
                0x0000000008002330       0x14 ../libopencm3/lib/libopencm3_stm32f1.a(rcc.o)
                0x0000000008002330                rcc_set_ppre2
 .text.rcc_set_ppre1
                0x0000000008002344       0x14 ../libopencm3/lib/libopencm3_stm32f1.a(rcc.o)
                0x0000000008002344                rcc_set_ppre1
 .text.rcc_set_hpre
                0x0000000008002358       0x14 ../libopencm3/lib/libopencm3_stm32f1.a(rcc.o)
                0x0000000008002358                rcc_set_hpre
 .text.rcc_clock_setup_in_hse_8mhz_out_72mhz
                0x000000000800236c       0x8c ../libopencm3/lib/libopencm3_stm32f1.a(rcc.o)
                0x000000000800236c                rcc_clock_setup_in_hse_8mhz_out_72mhz
 .text.rcc_periph_clock_enable
                0x00000000080023f8       0x1a ../libopencm3/lib/libopencm3_stm32f1.a(rcc_common_all.o)
                0x00000000080023f8                rcc_periph_clock_enable
 .text.blocking_handler
                0x0000000008002412        0x2 ../libopencm3/lib/libopencm3_stm32f1.a(vector.o)
                0x0000000008002412                exti0_isr
                0x0000000008002412                rtc_isr
                0x0000000008002412                tim7_isr
                0x0000000008002412                adc1_2_isr
                0x0000000008002412                tim1_trg_com_isr
                0x0000000008002412                usb_hp_can_tx_isr
                0x0000000008002412                tim6_isr
                0x0000000008002412                usb_wakeup_isr
                0x0000000008002412                blocking_handler
                0x0000000008002412                tim5_isr
                0x0000000008002412                otg_fs_isr
                0x0000000008002412                spi1_isr
                0x0000000008002412                exti2_isr
                0x0000000008002412                dma1_channel6_isr
                0x0000000008002412                can_rx1_isr
                0x0000000008002412                dma1_channel5_isr
                0x0000000008002412                dma2_channel5_isr
                0x0000000008002412                usart1_isr
                0x0000000008002412                usage_fault_handler
                0x0000000008002412                tim8_trg_com_isr
                0x0000000008002412                can2_rx0_isr
                0x0000000008002412                tim1_brk_isr
                0x0000000008002412                can2_rx1_isr
                0x0000000008002412                tim1_cc_isr
                0x0000000008002412                sdio_isr
                0x0000000008002412                eth_isr
                0x0000000008002412                dma1_channel4_isr
                0x0000000008002412                tim8_brk_isr
                0x0000000008002412                dma2_channel4_5_isr
                0x0000000008002412                pvd_isr
                0x0000000008002412                rcc_isr
                0x0000000008002412                flash_isr
                0x0000000008002412                uart4_isr
                0x0000000008002412                rtc_alarm_isr
                0x0000000008002412                exti15_10_isr
                0x0000000008002412                hard_fault_handler
                0x0000000008002412                exti1_isr
                0x0000000008002412                i2c1_ev_isr
                0x0000000008002412                dma2_channel1_isr
                0x0000000008002412                spi2_isr
                0x0000000008002412                tim8_up_isr
                0x0000000008002412                dma2_channel2_isr
                0x0000000008002412                exti3_isr
                0x0000000008002412                adc3_isr
                0x0000000008002412                tim3_isr
                0x0000000008002412                usart2_isr
                0x0000000008002412                usb_lp_can_rx0_isr
                0x0000000008002412                i2c2_er_isr
                0x0000000008002412                i2c2_ev_isr
                0x0000000008002412                uart5_isr
                0x0000000008002412                fsmc_isr
                0x0000000008002412                dma1_channel1_isr
                0x0000000008002412                exti4_isr
                0x0000000008002412                mem_manage_handler
                0x0000000008002412                can2_tx_isr
                0x0000000008002412                exti9_5_isr
                0x0000000008002412                dma2_channel3_isr
                0x0000000008002412                dma1_channel7_isr
                0x0000000008002412                tim1_up_isr
                0x0000000008002412                can2_sce_isr
                0x0000000008002412                tim4_isr
                0x0000000008002412                dma1_channel2_isr
                0x0000000008002412                i2c1_er_isr
                0x0000000008002412                can_sce_isr
                0x0000000008002412                tim8_cc_isr
                0x0000000008002412                tamper_isr
                0x0000000008002412                eth_wkup_isr
                0x0000000008002412                bus_fault_handler
                0x0000000008002412                wwdg_isr
                0x0000000008002412                dma1_channel3_isr
                0x0000000008002412                spi3_isr
                0x0000000008002412                tim2_isr
                0x0000000008002412                usart3_isr
 .text.null_handler
                0x0000000008002414        0x2 ../libopencm3/lib/libopencm3_stm32f1.a(vector.o)
                0x0000000008002414                null_handler
                0x0000000008002414                sv_call_handler
                0x0000000008002414                pend_sv_handler
                0x0000000008002414                debug_monitor_handler
                0x0000000008002414                sys_tick_handler
                0x0000000008002414                nmi_handler
 *fill*         0x0000000008002416        0x2 
 .text.reset_handler
                0x0000000008002418       0x94 ../libopencm3/lib/libopencm3_stm32f1.a(vector.o)
                0x0000000008002418                reset_handler
 .text.flash_set_ws
                0x00000000080024ac       0x14 ../libopencm3/lib/libopencm3_stm32f1.a(flash_common_all.o)
                0x00000000080024ac                flash_set_ws
                0x00000000080024c0                . = ALIGN (0x4)
 *(.rodata*)
                0x00000000080024c0                . = ALIGN (0x4)

.glue_7         0x00000000080024c0        0x0
 .glue_7        0x00000000080024c0        0x0 linker stubs

.glue_7t        0x00000000080024c0        0x0
 .glue_7t       0x00000000080024c0        0x0 linker stubs

.vfp11_veneer   0x00000000080024c0        0x0
 .vfp11_veneer  0x00000000080024c0        0x0 linker stubs

.v4_bx          0x00000000080024c0        0x0
 .v4_bx         0x00000000080024c0        0x0 linker stubs

.iplt           0x00000000080024c0        0x0
 .iplt          0x00000000080024c0        0x0 adb.o

.rel.dyn        0x00000000080024c0        0x0
 .rel.iplt      0x00000000080024c0        0x0 adb.o

.preinit_array  0x00000000080024c0        0x0
                0x00000000080024c0                . = ALIGN (0x4)
                0x00000000080024c0                __preinit_array_start = .
 *(.preinit_array)
                0x00000000080024c0                __preinit_array_end = .

.init_array     0x00000000080024c0        0x0
                0x00000000080024c0                . = ALIGN (0x4)
                0x00000000080024c0                __init_array_start = .
 *(SORT_BY_NAME(.init_array.*))
 *(.init_array)
                0x00000000080024c0                __init_array_end = .

.fini_array     0x00000000080024c0        0x0
                0x00000000080024c0                . = ALIGN (0x4)
                0x00000000080024c0                __fini_array_start = .
 *(.fini_array)
 *(SORT_BY_NAME(.fini_array.*))
                0x00000000080024c0                __fini_array_end = .

.ARM.extab
 *(.ARM.extab*)

.ARM.exidx      0x00000000080024c0        0x0
                0x00000000080024c0                __exidx_start = .
 *(.ARM.exidx*)
                0x00000000080024c0                __exidx_end = .
                0x00000000080024c0                . = ALIGN (0x4)
                0x00000000080024c0                _etext = .

.data           0x0000000020000c00        0xc load address 0x00000000080024c0
                0x0000000020000c00                _data = .
 *(.data*)
 .data.rcc_ahb_frequency
                0x0000000020000c00        0x4 ../libopencm3/lib/libopencm3_stm32f1.a(rcc.o)
                0x0000000020000c00                rcc_ahb_frequency
 .data.rcc_apb1_frequency
                0x0000000020000c04        0x4 ../libopencm3/lib/libopencm3_stm32f1.a(rcc.o)
                0x0000000020000c04                rcc_apb1_frequency
 .data.rcc_apb2_frequency
                0x0000000020000c08        0x4 ../libopencm3/lib/libopencm3_stm32f1.a(rcc.o)
                0x0000000020000c08                rcc_apb2_frequency
                0x0000000020000c0c                . = ALIGN (0x4)
                0x0000000020000c0c                _edata = .
                0x00000000080024c0                _data_loadaddr = LOADADDR (.data)

.igot.plt       0x0000000020000c0c        0x0 load address 0x00000000080024cc
 .igot.plt      0x0000000020000c0c        0x0 adb.o

.bss            0x0000000020000c0c        0x0 load address 0x00000000080024cc
 *(.bss*)
 *(COMMON)
                0x0000000020000c0c                . = ALIGN (0x4)
                0x0000000020000c0c                _ebss = .

/DISCARD/
 *(.eh_frame)
                0x0000000020000c0c                . = ALIGN (0x4)
                0x0000000020000c0c                end = .
                0x0000000020005000                PROVIDE (_stack = (ORIGIN (ram) + LENGTH (ram)))
OUTPUT(%.elf elf32-littlearm)

.debug_info     0x0000000000000000     0x21ff
 .debug_info    0x0000000000000000      0x30f adb.o
 .debug_info    0x000000000000030f      0x1db ../libopencm3/lib/libopencm3_stm32f1.a(gpio.o)
 .debug_info    0x00000000000004ea      0x22c ../libopencm3/lib/libopencm3_stm32f1.a(gpio_common_all.o)
 .debug_info    0x0000000000000716     0x1160 ../libopencm3/lib/libopencm3_stm32f1.a(rcc.o)
 .debug_info    0x0000000000001876      0x5f5 ../libopencm3/lib/libopencm3_stm32f1.a(rcc_common_all.o)
 .debug_info    0x0000000000001e6b      0x2a8 ../libopencm3/lib/libopencm3_stm32f1.a(vector.o)
 .debug_info    0x0000000000002113       0xec ../libopencm3/lib/libopencm3_stm32f1.a(flash_common_all.o)

.debug_abbrev   0x0000000000000000      0x808
 .debug_abbrev  0x0000000000000000       0xee adb.o
 .debug_abbrev  0x00000000000000ee       0xb7 ../libopencm3/lib/libopencm3_stm32f1.a(gpio.o)
 .debug_abbrev  0x00000000000001a5       0xf4 ../libopencm3/lib/libopencm3_stm32f1.a(gpio_common_all.o)
 .debug_abbrev  0x0000000000000299      0x285 ../libopencm3/lib/libopencm3_stm32f1.a(rcc.o)
 .debug_abbrev  0x000000000000051e      0x139 ../libopencm3/lib/libopencm3_stm32f1.a(rcc_common_all.o)
 .debug_abbrev  0x0000000000000657      0x127 ../libopencm3/lib/libopencm3_stm32f1.a(vector.o)
 .debug_abbrev  0x000000000000077e       0x8a ../libopencm3/lib/libopencm3_stm32f1.a(flash_common_all.o)

.debug_loc      0x0000000000000000      0xc1f
 .debug_loc     0x0000000000000000       0x4d adb.o
 .debug_loc     0x000000000000004d      0x48a ../libopencm3/lib/libopencm3_stm32f1.a(gpio.o)
 .debug_loc     0x00000000000004d7       0x97 ../libopencm3/lib/libopencm3_stm32f1.a(gpio_common_all.o)
 .debug_loc     0x000000000000056e      0x480 ../libopencm3/lib/libopencm3_stm32f1.a(rcc.o)
 .debug_loc     0x00000000000009ee      0x108 ../libopencm3/lib/libopencm3_stm32f1.a(rcc_common_all.o)
 .debug_loc     0x0000000000000af6       0xea ../libopencm3/lib/libopencm3_stm32f1.a(vector.o)
 .debug_loc     0x0000000000000be0       0x3f ../libopencm3/lib/libopencm3_stm32f1.a(flash_common_all.o)

.debug_aranges  0x0000000000000000      0x2d0
 .debug_aranges
                0x0000000000000000       0x20 adb.o
 .debug_aranges
                0x0000000000000020       0x38 ../libopencm3/lib/libopencm3_stm32f1.a(gpio.o)
 .debug_aranges
                0x0000000000000058       0x50 ../libopencm3/lib/libopencm3_stm32f1.a(gpio_common_all.o)
 .debug_aranges
                0x00000000000000a8      0x158 ../libopencm3/lib/libopencm3_stm32f1.a(rcc.o)
 .debug_aranges
                0x0000000000000200       0x68 ../libopencm3/lib/libopencm3_stm32f1.a(rcc_common_all.o)
 .debug_aranges
                0x0000000000000268       0x30 ../libopencm3/lib/libopencm3_stm32f1.a(vector.o)
 .debug_aranges
                0x0000000000000298       0x38 ../libopencm3/lib/libopencm3_stm32f1.a(flash_common_all.o)

.debug_ranges   0x0000000000000000      0x2c0
 .debug_ranges  0x0000000000000000       0x10 adb.o
 .debug_ranges  0x0000000000000010       0x28 ../libopencm3/lib/libopencm3_stm32f1.a(gpio.o)
 .debug_ranges  0x0000000000000038       0x40 ../libopencm3/lib/libopencm3_stm32f1.a(gpio_common_all.o)
 .debug_ranges  0x0000000000000078      0x1a8 ../libopencm3/lib/libopencm3_stm32f1.a(rcc.o)
 .debug_ranges  0x0000000000000220       0x58 ../libopencm3/lib/libopencm3_stm32f1.a(rcc_common_all.o)
 .debug_ranges  0x0000000000000278       0x20 ../libopencm3/lib/libopencm3_stm32f1.a(vector.o)
 .debug_ranges  0x0000000000000298       0x28 ../libopencm3/lib/libopencm3_stm32f1.a(flash_common_all.o)

.debug_macro    0x0000000000000000     0x34f4
 .debug_macro   0x0000000000000000       0xd0 adb.o
 .debug_macro   0x00000000000000d0      0xa4e adb.o
 .debug_macro   0x0000000000000b1e       0x22 adb.o
 .debug_macro   0x0000000000000b40       0x56 adb.o
 .debug_macro   0x0000000000000b96       0x51 adb.o
 .debug_macro   0x0000000000000be7       0xef adb.o
 .debug_macro   0x0000000000000cd6       0x6a adb.o
 .debug_macro   0x0000000000000d40      0x1df adb.o
 .debug_macro   0x0000000000000f1f       0x1c adb.o
 .debug_macro   0x0000000000000f3b       0x22 adb.o
 .debug_macro   0x0000000000000f5d       0xe8 adb.o
 .debug_macro   0x0000000000001045       0x76 adb.o
 .debug_macro   0x00000000000010bb      0x1b4 adb.o
 .debug_macro   0x000000000000126f      0x82c adb.o
 .debug_macro   0x0000000000001a9b       0x76 adb.o
 .debug_macro   0x0000000000001b11      0xe04 adb.o
 .debug_macro   0x0000000000002915       0xb8 ../libopencm3/lib/libopencm3_stm32f1.a(gpio.o)
 .debug_macro   0x00000000000029cd       0xb8 ../libopencm3/lib/libopencm3_stm32f1.a(gpio_common_all.o)
 .debug_macro   0x0000000000002a85       0xe7 ../libopencm3/lib/libopencm3_stm32f1.a(rcc.o)
 .debug_macro   0x0000000000002b6c       0x16 ../libopencm3/lib/libopencm3_stm32f1.a(rcc.o)
 .debug_macro   0x0000000000002b82       0xee ../libopencm3/lib/libopencm3_stm32f1.a(rcc.o)
 .debug_macro   0x0000000000002c70       0x82 ../libopencm3/lib/libopencm3_stm32f1.a(rcc.o)
 .debug_macro   0x0000000000002cf2       0xce ../libopencm3/lib/libopencm3_stm32f1.a(rcc_common_all.o)
 .debug_macro   0x0000000000002dc0       0xcf ../libopencm3/lib/libopencm3_stm32f1.a(vector.o)
 .debug_macro   0x0000000000002e8f      0x395 ../libopencm3/lib/libopencm3_stm32f1.a(vector.o)
 .debug_macro   0x0000000000003224       0x6e ../libopencm3/lib/libopencm3_stm32f1.a(vector.o)
 .debug_macro   0x0000000000003292      0x1a2 ../libopencm3/lib/libopencm3_stm32f1.a(vector.o)
 .debug_macro   0x0000000000003434       0xc0 ../libopencm3/lib/libopencm3_stm32f1.a(flash_common_all.o)

.debug_line     0x0000000000000000     0x18ed
 .debug_line    0x0000000000000000      0x2c9 adb.o
 .debug_line    0x00000000000002c9      0x2d8 ../libopencm3/lib/libopencm3_stm32f1.a(gpio.o)
 .debug_line    0x00000000000005a1      0x30f ../libopencm3/lib/libopencm3_stm32f1.a(gpio_common_all.o)
 .debug_line    0x00000000000008b0      0x6d3 ../libopencm3/lib/libopencm3_stm32f1.a(rcc.o)
 .debug_line    0x0000000000000f83      0x344 ../libopencm3/lib/libopencm3_stm32f1.a(rcc_common_all.o)
 .debug_line    0x00000000000012c7      0x326 ../libopencm3/lib/libopencm3_stm32f1.a(vector.o)
 .debug_line    0x00000000000015ed      0x300 ../libopencm3/lib/libopencm3_stm32f1.a(flash_common_all.o)

.debug_str      0x0000000000000000     0xe05f
 .debug_str     0x0000000000000000     0xa9aa adb.o
                                       0xab13 (size before relaxing)
 .debug_str     0x000000000000a9aa      0x171 ../libopencm3/lib/libopencm3_stm32f1.a(gpio.o)
                                       0x84b9 (size before relaxing)
 .debug_str     0x000000000000ab1b       0x74 ../libopencm3/lib/libopencm3_stm32f1.a(gpio_common_all.o)
                                       0x84ad (size before relaxing)
 .debug_str     0x000000000000ab8f      0xc86 ../libopencm3/lib/libopencm3_stm32f1.a(rcc.o)
                                       0x7dac (size before relaxing)
 .debug_str     0x000000000000b815      0x35b ../libopencm3/lib/libopencm3_stm32f1.a(rcc_common_all.o)
                                       0x76c2 (size before relaxing)
 .debug_str     0x000000000000bb70     0x248b ../libopencm3/lib/libopencm3_stm32f1.a(vector.o)
                                       0x6582 (size before relaxing)
 .debug_str     0x000000000000dffb       0x64 ../libopencm3/lib/libopencm3_stm32f1.a(flash_common_all.o)
                                       0x5485 (size before relaxing)

.comment        0x0000000000000000       0x7f
 .comment       0x0000000000000000       0x7f adb.o
                                         0x80 (size before relaxing)
 .comment       0x000000000000007f       0x80 ../libopencm3/lib/libopencm3_stm32f1.a(gpio.o)
 .comment       0x000000000000007f       0x80 ../libopencm3/lib/libopencm3_stm32f1.a(gpio_common_all.o)
 .comment       0x000000000000007f       0x80 ../libopencm3/lib/libopencm3_stm32f1.a(rcc.o)
 .comment       0x000000000000007f       0x80 ../libopencm3/lib/libopencm3_stm32f1.a(rcc_common_all.o)
 .comment       0x000000000000007f       0x80 ../libopencm3/lib/libopencm3_stm32f1.a(vector.o)
 .comment       0x000000000000007f       0x80 ../libopencm3/lib/libopencm3_stm32f1.a(flash_common_all.o)

.ARM.attributes
                0x0000000000000000       0x33
 .ARM.attributes
                0x0000000000000000       0x33 adb.o
 .ARM.attributes
                0x0000000000000033       0x33 ../libopencm3/lib/libopencm3_stm32f1.a(gpio.o)
 .ARM.attributes
                0x0000000000000066       0x33 ../libopencm3/lib/libopencm3_stm32f1.a(gpio_common_all.o)
 .ARM.attributes
                0x0000000000000099       0x33 ../libopencm3/lib/libopencm3_stm32f1.a(rcc.o)
 .ARM.attributes
                0x00000000000000cc       0x33 ../libopencm3/lib/libopencm3_stm32f1.a(rcc_common_all.o)
 .ARM.attributes
                0x00000000000000ff       0x33 ../libopencm3/lib/libopencm3_stm32f1.a(vector.o)
 .ARM.attributes
                0x0000000000000132       0x33 ../libopencm3/lib/libopencm3_stm32f1.a(flash_common_all.o)

.debug_frame    0x0000000000000000      0x558
 .debug_frame   0x0000000000000000       0x28 adb.o
 .debug_frame   0x0000000000000028       0x64 ../libopencm3/lib/libopencm3_stm32f1.a(gpio.o)
 .debug_frame   0x000000000000008c       0x80 ../libopencm3/lib/libopencm3_stm32f1.a(gpio_common_all.o)
 .debug_frame   0x000000000000010c      0x2e0 ../libopencm3/lib/libopencm3_stm32f1.a(rcc.o)
 .debug_frame   0x00000000000003ec       0xd0 ../libopencm3/lib/libopencm3_stm32f1.a(rcc_common_all.o)
 .debug_frame   0x00000000000004bc       0x4c ../libopencm3/lib/libopencm3_stm32f1.a(vector.o)
 .debug_frame   0x0000000000000508       0x50 ../libopencm3/lib/libopencm3_stm32f1.a(flash_common_all.o)

Cross Reference Table

Symbol                                            File
__fini_array_end                                  ../libopencm3/lib/libopencm3_stm32f1.a(vector.o)
__fini_array_start                                ../libopencm3/lib/libopencm3_stm32f1.a(vector.o)
__init_array_end                                  ../libopencm3/lib/libopencm3_stm32f1.a(vector.o)
__init_array_start                                ../libopencm3/lib/libopencm3_stm32f1.a(vector.o)
__preinit_array_end                               ../libopencm3/lib/libopencm3_stm32f1.a(vector.o)
__preinit_array_start                             ../libopencm3/lib/libopencm3_stm32f1.a(vector.o)
_data                                             ../libopencm3/lib/libopencm3_stm32f1.a(vector.o)
_data_loadaddr                                    ../libopencm3/lib/libopencm3_stm32f1.a(vector.o)
_ebss                                             ../libopencm3/lib/libopencm3_stm32f1.a(vector.o)
_edata                                            ../libopencm3/lib/libopencm3_stm32f1.a(vector.o)
_stack                                            ../libopencm3/lib/libopencm3_stm32f1.a(vector.o)
adc1_2_isr                                        ../libopencm3/lib/libopencm3_stm32f1.a(vector.o)
adc3_isr                                          ../libopencm3/lib/libopencm3_stm32f1.a(vector.o)
blocking_handler                                  ../libopencm3/lib/libopencm3_stm32f1.a(vector.o)
bus_fault_handler                                 ../libopencm3/lib/libopencm3_stm32f1.a(vector.o)
can2_rx0_isr                                      ../libopencm3/lib/libopencm3_stm32f1.a(vector.o)
can2_rx1_isr                                      ../libopencm3/lib/libopencm3_stm32f1.a(vector.o)
can2_sce_isr                                      ../libopencm3/lib/libopencm3_stm32f1.a(vector.o)
can2_tx_isr                                       ../libopencm3/lib/libopencm3_stm32f1.a(vector.o)
can_rx1_isr                                       ../libopencm3/lib/libopencm3_stm32f1.a(vector.o)
can_sce_isr                                       ../libopencm3/lib/libopencm3_stm32f1.a(vector.o)
cm3_assert_failed                                 ../libopencm3/lib/libopencm3_stm32f1.a(assert.o)
                                                  ../libopencm3/lib/libopencm3_stm32f1.a(rcc.o)
cm3_assert_failed_verbose                         ../libopencm3/lib/libopencm3_stm32f1.a(assert.o)
debug_monitor_handler                             ../libopencm3/lib/libopencm3_stm32f1.a(vector.o)
dma1_channel1_isr                                 ../libopencm3/lib/libopencm3_stm32f1.a(vector.o)
dma1_channel2_isr                                 ../libopencm3/lib/libopencm3_stm32f1.a(vector.o)
dma1_channel3_isr                                 ../libopencm3/lib/libopencm3_stm32f1.a(vector.o)
dma1_channel4_isr                                 ../libopencm3/lib/libopencm3_stm32f1.a(vector.o)
dma1_channel5_isr                                 ../libopencm3/lib/libopencm3_stm32f1.a(vector.o)
dma1_channel6_isr                                 ../libopencm3/lib/libopencm3_stm32f1.a(vector.o)
dma1_channel7_isr                                 ../libopencm3/lib/libopencm3_stm32f1.a(vector.o)
dma2_channel1_isr                                 ../libopencm3/lib/libopencm3_stm32f1.a(vector.o)
dma2_channel2_isr                                 ../libopencm3/lib/libopencm3_stm32f1.a(vector.o)
dma2_channel3_isr                                 ../libopencm3/lib/libopencm3_stm32f1.a(vector.o)
dma2_channel4_5_isr                               ../libopencm3/lib/libopencm3_stm32f1.a(vector.o)
dma2_channel5_isr                                 ../libopencm3/lib/libopencm3_stm32f1.a(vector.o)
eth_isr                                           ../libopencm3/lib/libopencm3_stm32f1.a(vector.o)
eth_wkup_isr                                      ../libopencm3/lib/libopencm3_stm32f1.a(vector.o)
exti0_isr                                         ../libopencm3/lib/libopencm3_stm32f1.a(vector.o)
exti15_10_isr                                     ../libopencm3/lib/libopencm3_stm32f1.a(vector.o)
exti1_isr                                         ../libopencm3/lib/libopencm3_stm32f1.a(vector.o)
exti2_isr                                         ../libopencm3/lib/libopencm3_stm32f1.a(vector.o)
exti3_isr                                         ../libopencm3/lib/libopencm3_stm32f1.a(vector.o)
exti4_isr                                         ../libopencm3/lib/libopencm3_stm32f1.a(vector.o)
exti9_5_isr                                       ../libopencm3/lib/libopencm3_stm32f1.a(vector.o)
flash_isr                                         ../libopencm3/lib/libopencm3_stm32f1.a(vector.o)
flash_prefetch_disable                            ../libopencm3/lib/libopencm3_stm32f1.a(flash_common_all.o)
flash_prefetch_enable                             ../libopencm3/lib/libopencm3_stm32f1.a(flash_common_all.o)
flash_set_ws                                      ../libopencm3/lib/libopencm3_stm32f1.a(flash_common_all.o)
                                                  ../libopencm3/lib/libopencm3_stm32f1.a(rcc.o)
flash_unlock_option_bytes                         ../libopencm3/lib/libopencm3_stm32f1.a(flash_common_all.o)
fsmc_isr                                          ../libopencm3/lib/libopencm3_stm32f1.a(vector.o)
gpio_clear                                        ../libopencm3/lib/libopencm3_stm32f1.a(gpio_common_all.o)
gpio_get                                          ../libopencm3/lib/libopencm3_stm32f1.a(gpio_common_all.o)
gpio_port_config_lock                             ../libopencm3/lib/libopencm3_stm32f1.a(gpio_common_all.o)
gpio_port_read                                    ../libopencm3/lib/libopencm3_stm32f1.a(gpio_common_all.o)
gpio_port_write                                   ../libopencm3/lib/libopencm3_stm32f1.a(gpio_common_all.o)
gpio_primary_remap                                ../libopencm3/lib/libopencm3_stm32f1.a(gpio.o)
gpio_secondary_remap                              ../libopencm3/lib/libopencm3_stm32f1.a(gpio.o)
gpio_set                                          ../libopencm3/lib/libopencm3_stm32f1.a(gpio_common_all.o)
gpio_set_eventout                                 ../libopencm3/lib/libopencm3_stm32f1.a(gpio.o)
gpio_set_mode                                     ../libopencm3/lib/libopencm3_stm32f1.a(gpio.o)
                                                  adb.o
gpio_toggle                                       ../libopencm3/lib/libopencm3_stm32f1.a(gpio_common_all.o)
                                                  adb.o
hard_fault_handler                                ../libopencm3/lib/libopencm3_stm32f1.a(vector.o)
i2c1_er_isr                                       ../libopencm3/lib/libopencm3_stm32f1.a(vector.o)
i2c1_ev_isr                                       ../libopencm3/lib/libopencm3_stm32f1.a(vector.o)
i2c2_er_isr                                       ../libopencm3/lib/libopencm3_stm32f1.a(vector.o)
i2c2_ev_isr                                       ../libopencm3/lib/libopencm3_stm32f1.a(vector.o)
main                                              adb.o
                                                  ../libopencm3/lib/libopencm3_stm32f1.a(vector.o)
mem_manage_handler                                ../libopencm3/lib/libopencm3_stm32f1.a(vector.o)
nmi_handler                                       ../libopencm3/lib/libopencm3_stm32f1.a(vector.o)
null_handler                                      ../libopencm3/lib/libopencm3_stm32f1.a(vector.o)
otg_fs_isr                                        ../libopencm3/lib/libopencm3_stm32f1.a(vector.o)
pend_sv_handler                                   ../libopencm3/lib/libopencm3_stm32f1.a(vector.o)
pvd_isr                                           ../libopencm3/lib/libopencm3_stm32f1.a(vector.o)
rcc_ahb_frequency                                 ../libopencm3/lib/libopencm3_stm32f1.a(rcc.o)
rcc_apb1_frequency                                ../libopencm3/lib/libopencm3_stm32f1.a(rcc.o)
rcc_apb2_frequency                                ../libopencm3/lib/libopencm3_stm32f1.a(rcc.o)
rcc_backupdomain_reset                            ../libopencm3/lib/libopencm3_stm32f1.a(rcc.o)
rcc_clock_setup_in_hse_12mhz_out_72mhz            ../libopencm3/lib/libopencm3_stm32f1.a(rcc.o)
rcc_clock_setup_in_hse_16mhz_out_72mhz            ../libopencm3/lib/libopencm3_stm32f1.a(rcc.o)
rcc_clock_setup_in_hse_25mhz_out_72mhz            ../libopencm3/lib/libopencm3_stm32f1.a(rcc.o)
rcc_clock_setup_in_hse_8mhz_out_24mhz             ../libopencm3/lib/libopencm3_stm32f1.a(rcc.o)
rcc_clock_setup_in_hse_8mhz_out_72mhz             ../libopencm3/lib/libopencm3_stm32f1.a(rcc.o)
                                                  adb.o
rcc_clock_setup_in_hsi_out_24mhz                  ../libopencm3/lib/libopencm3_stm32f1.a(rcc.o)
rcc_clock_setup_in_hsi_out_48mhz                  ../libopencm3/lib/libopencm3_stm32f1.a(rcc.o)
rcc_clock_setup_in_hsi_out_64mhz                  ../libopencm3/lib/libopencm3_stm32f1.a(rcc.o)
rcc_css_disable                                   ../libopencm3/lib/libopencm3_stm32f1.a(rcc.o)
rcc_css_enable                                    ../libopencm3/lib/libopencm3_stm32f1.a(rcc.o)
rcc_css_int_clear                                 ../libopencm3/lib/libopencm3_stm32f1.a(rcc.o)
rcc_css_int_flag                                  ../libopencm3/lib/libopencm3_stm32f1.a(rcc.o)
rcc_enable_rtc_clock                              ../libopencm3/lib/libopencm3_stm32f1.a(rcc.o)
rcc_is_osc_ready                                  ../libopencm3/lib/libopencm3_stm32f1.a(rcc.o)
rcc_isr                                           ../libopencm3/lib/libopencm3_stm32f1.a(vector.o)
rcc_osc_bypass_disable                            ../libopencm3/lib/libopencm3_stm32f1.a(rcc_common_all.o)
rcc_osc_bypass_enable                             ../libopencm3/lib/libopencm3_stm32f1.a(rcc_common_all.o)
rcc_osc_off                                       ../libopencm3/lib/libopencm3_stm32f1.a(rcc.o)
rcc_osc_on                                        ../libopencm3/lib/libopencm3_stm32f1.a(rcc.o)
rcc_osc_ready_int_clear                           ../libopencm3/lib/libopencm3_stm32f1.a(rcc.o)
rcc_osc_ready_int_disable                         ../libopencm3/lib/libopencm3_stm32f1.a(rcc.o)
rcc_osc_ready_int_enable                          ../libopencm3/lib/libopencm3_stm32f1.a(rcc.o)
rcc_osc_ready_int_flag                            ../libopencm3/lib/libopencm3_stm32f1.a(rcc.o)
rcc_periph_clock_disable                          ../libopencm3/lib/libopencm3_stm32f1.a(rcc_common_all.o)
rcc_periph_clock_enable                           ../libopencm3/lib/libopencm3_stm32f1.a(rcc_common_all.o)
                                                  adb.o
rcc_periph_reset_hold                             ../libopencm3/lib/libopencm3_stm32f1.a(rcc_common_all.o)
rcc_periph_reset_pulse                            ../libopencm3/lib/libopencm3_stm32f1.a(rcc_common_all.o)
rcc_periph_reset_release                          ../libopencm3/lib/libopencm3_stm32f1.a(rcc_common_all.o)
rcc_peripheral_clear_reset                        ../libopencm3/lib/libopencm3_stm32f1.a(rcc_common_all.o)
rcc_peripheral_disable_clock                      ../libopencm3/lib/libopencm3_stm32f1.a(rcc_common_all.o)
rcc_peripheral_enable_clock                       ../libopencm3/lib/libopencm3_stm32f1.a(rcc_common_all.o)
rcc_peripheral_reset                              ../libopencm3/lib/libopencm3_stm32f1.a(rcc_common_all.o)
rcc_rtc_clock_enabled_flag                        ../libopencm3/lib/libopencm3_stm32f1.a(rcc.o)
rcc_set_adcpre                                    ../libopencm3/lib/libopencm3_stm32f1.a(rcc.o)
rcc_set_hpre                                      ../libopencm3/lib/libopencm3_stm32f1.a(rcc.o)
rcc_set_mco                                       ../libopencm3/lib/libopencm3_stm32f1.a(rcc_common_all.o)
rcc_set_pll2_multiplication_factor                ../libopencm3/lib/libopencm3_stm32f1.a(rcc.o)
rcc_set_pll3_multiplication_factor                ../libopencm3/lib/libopencm3_stm32f1.a(rcc.o)
rcc_set_pll_multiplication_factor                 ../libopencm3/lib/libopencm3_stm32f1.a(rcc.o)
rcc_set_pll_source                                ../libopencm3/lib/libopencm3_stm32f1.a(rcc.o)
rcc_set_pllxtpre                                  ../libopencm3/lib/libopencm3_stm32f1.a(rcc.o)
rcc_set_ppre1                                     ../libopencm3/lib/libopencm3_stm32f1.a(rcc.o)
rcc_set_ppre2                                     ../libopencm3/lib/libopencm3_stm32f1.a(rcc.o)
rcc_set_prediv1                                   ../libopencm3/lib/libopencm3_stm32f1.a(rcc.o)
rcc_set_prediv1_source                            ../libopencm3/lib/libopencm3_stm32f1.a(rcc.o)
rcc_set_prediv2                                   ../libopencm3/lib/libopencm3_stm32f1.a(rcc.o)
rcc_set_rtc_clock_source                          ../libopencm3/lib/libopencm3_stm32f1.a(rcc.o)
rcc_set_sysclk_source                             ../libopencm3/lib/libopencm3_stm32f1.a(rcc.o)
rcc_set_usbpre                                    ../libopencm3/lib/libopencm3_stm32f1.a(rcc.o)
rcc_system_clock_source                           ../libopencm3/lib/libopencm3_stm32f1.a(rcc.o)
rcc_wait_for_osc_ready                            ../libopencm3/lib/libopencm3_stm32f1.a(rcc.o)
reset_handler                                     ../libopencm3/lib/libopencm3_stm32f1.a(vector.o)
rtc_alarm_isr                                     ../libopencm3/lib/libopencm3_stm32f1.a(vector.o)
rtc_isr                                           ../libopencm3/lib/libopencm3_stm32f1.a(vector.o)
sdio_isr                                          ../libopencm3/lib/libopencm3_stm32f1.a(vector.o)
spi1_isr                                          ../libopencm3/lib/libopencm3_stm32f1.a(vector.o)
spi2_isr                                          ../libopencm3/lib/libopencm3_stm32f1.a(vector.o)
spi3_isr                                          ../libopencm3/lib/libopencm3_stm32f1.a(vector.o)
sv_call_handler                                   ../libopencm3/lib/libopencm3_stm32f1.a(vector.o)
sys_tick_handler                                  ../libopencm3/lib/libopencm3_stm32f1.a(vector.o)
tamper_isr                                        ../libopencm3/lib/libopencm3_stm32f1.a(vector.o)
tim1_brk_isr                                      ../libopencm3/lib/libopencm3_stm32f1.a(vector.o)
tim1_cc_isr                                       ../libopencm3/lib/libopencm3_stm32f1.a(vector.o)
tim1_trg_com_isr                                  ../libopencm3/lib/libopencm3_stm32f1.a(vector.o)
tim1_up_isr                                       ../libopencm3/lib/libopencm3_stm32f1.a(vector.o)
tim2_isr                                          ../libopencm3/lib/libopencm3_stm32f1.a(vector.o)
tim3_isr                                          ../libopencm3/lib/libopencm3_stm32f1.a(vector.o)
tim4_isr                                          ../libopencm3/lib/libopencm3_stm32f1.a(vector.o)
tim5_isr                                          ../libopencm3/lib/libopencm3_stm32f1.a(vector.o)
tim6_isr                                          ../libopencm3/lib/libopencm3_stm32f1.a(vector.o)
tim7_isr                                          ../libopencm3/lib/libopencm3_stm32f1.a(vector.o)
tim8_brk_isr                                      ../libopencm3/lib/libopencm3_stm32f1.a(vector.o)
tim8_cc_isr                                       ../libopencm3/lib/libopencm3_stm32f1.a(vector.o)
tim8_trg_com_isr                                  ../libopencm3/lib/libopencm3_stm32f1.a(vector.o)
tim8_up_isr                                       ../libopencm3/lib/libopencm3_stm32f1.a(vector.o)
uart4_isr                                         ../libopencm3/lib/libopencm3_stm32f1.a(vector.o)
uart5_isr                                         ../libopencm3/lib/libopencm3_stm32f1.a(vector.o)
usage_fault_handler                               ../libopencm3/lib/libopencm3_stm32f1.a(vector.o)
usart1_isr                                        ../libopencm3/lib/libopencm3_stm32f1.a(vector.o)
usart2_isr                                        ../libopencm3/lib/libopencm3_stm32f1.a(vector.o)
usart3_isr                                        ../libopencm3/lib/libopencm3_stm32f1.a(vector.o)
usb_hp_can_tx_isr                                 ../libopencm3/lib/libopencm3_stm32f1.a(vector.o)
usb_lp_can_rx0_isr                                ../libopencm3/lib/libopencm3_stm32f1.a(vector.o)
usb_wakeup_isr                                    ../libopencm3/lib/libopencm3_stm32f1.a(vector.o)
vector_table                                      ../libopencm3/lib/libopencm3_stm32f1.a(vector.o)
wwdg_isr                                          ../libopencm3/lib/libopencm3_stm32f1.a(vector.o)
