Archive member included to satisfy reference by file (symbol)

../libopencm3/lib/libopencm3_stm32f1.a(dma_common_l1f013.o)
                              adb.o (dma_enable_transfer_complete_interrupt)
../libopencm3/lib/libopencm3_stm32f1.a(gpio.o)
                              adb.o (gpio_set_mode)
../libopencm3/lib/libopencm3_stm32f1.a(gpio_common_all.o)
                              adb.o (gpio_toggle)
../libopencm3/lib/libopencm3_stm32f1.a(rcc.o)
                              adb.o (rcc_clock_setup_in_hse_8mhz_out_72mhz)
../libopencm3/lib/libopencm3_stm32f1.a(rcc_common_all.o)
                              adb.o (rcc_periph_clock_enable)
../libopencm3/lib/libopencm3_stm32f1.a(timer_common_all.o)
                              adb.o (timer_enable_irq)
../libopencm3/lib/libopencm3_stm32f1.a(vector.o)
                              (reset_handler)
../libopencm3/lib/libopencm3_stm32f1.a(nvic.o)
                              adb.o (nvic_enable_irq)
../libopencm3/lib/libopencm3_stm32f1.a(assert.o)
                              ../libopencm3/lib/libopencm3_stm32f1.a(rcc.o) (cm3_assert_failed)
../libopencm3/lib/libopencm3_stm32f1.a(flash_common_all.o)
                              ../libopencm3/lib/libopencm3_stm32f1.a(rcc.o) (flash_set_ws)

Discarded input sections

 .group         0x0000000000000000        0xc adb.o
 .group         0x0000000000000000        0xc adb.o
 .group         0x0000000000000000        0xc adb.o
 .group         0x0000000000000000        0xc adb.o
 .group         0x0000000000000000        0xc adb.o
 .group         0x0000000000000000        0xc adb.o
 .group         0x0000000000000000        0xc adb.o
 .group         0x0000000000000000        0xc adb.o
 .group         0x0000000000000000        0xc adb.o
 .group         0x0000000000000000        0xc adb.o
 .group         0x0000000000000000        0xc adb.o
 .group         0x0000000000000000        0xc adb.o
 .group         0x0000000000000000        0xc adb.o
 .group         0x0000000000000000        0xc adb.o
 .group         0x0000000000000000        0xc adb.o
 .group         0x0000000000000000        0xc adb.o
 .group         0x0000000000000000        0xc adb.o
 .group         0x0000000000000000        0xc adb.o
 .group         0x0000000000000000        0xc adb.o
 .group         0x0000000000000000        0xc adb.o
 .text          0x0000000000000000        0x0 adb.o
 .data          0x0000000000000000        0x0 adb.o
 .bss           0x0000000000000000        0x0 adb.o
 .text.data_done
                0x0000000000000000       0x2c adb.o
 .text.init_adb
                0x0000000000000000       0x4c adb.o
 .text.adb_prepare_output
                0x0000000000000000       0x10 adb.o
 .text.adb_prepare_input
                0x0000000000000000       0x10 adb.o
 .text.adb_send_bytes
                0x0000000000000000       0x9c adb.o
 .text.attn_sync
                0x0000000000000000        0x2 adb.o
 .data.adb_send_data
                0x0000000000000000      0x108 adb.o
 .group         0x0000000000000000        0xc ../libopencm3/lib/libopencm3_stm32f1.a(dma_common_l1f013.o)
 .group         0x0000000000000000        0xc ../libopencm3/lib/libopencm3_stm32f1.a(dma_common_l1f013.o)
 .group         0x0000000000000000        0xc ../libopencm3/lib/libopencm3_stm32f1.a(dma_common_l1f013.o)
 .group         0x0000000000000000        0xc ../libopencm3/lib/libopencm3_stm32f1.a(dma_common_l1f013.o)
 .group         0x0000000000000000        0xc ../libopencm3/lib/libopencm3_stm32f1.a(dma_common_l1f013.o)
 .group         0x0000000000000000        0xc ../libopencm3/lib/libopencm3_stm32f1.a(dma_common_l1f013.o)
 .group         0x0000000000000000        0xc ../libopencm3/lib/libopencm3_stm32f1.a(dma_common_l1f013.o)
 .group         0x0000000000000000        0xc ../libopencm3/lib/libopencm3_stm32f1.a(dma_common_l1f013.o)
 .group         0x0000000000000000        0xc ../libopencm3/lib/libopencm3_stm32f1.a(dma_common_l1f013.o)
 .group         0x0000000000000000        0xc ../libopencm3/lib/libopencm3_stm32f1.a(dma_common_l1f013.o)
 .group         0x0000000000000000        0xc ../libopencm3/lib/libopencm3_stm32f1.a(dma_common_l1f013.o)
 .group         0x0000000000000000        0xc ../libopencm3/lib/libopencm3_stm32f1.a(dma_common_l1f013.o)
 .group         0x0000000000000000        0xc ../libopencm3/lib/libopencm3_stm32f1.a(dma_common_l1f013.o)
 .text          0x0000000000000000        0x0 ../libopencm3/lib/libopencm3_stm32f1.a(dma_common_l1f013.o)
 .data          0x0000000000000000        0x0 ../libopencm3/lib/libopencm3_stm32f1.a(dma_common_l1f013.o)
 .bss           0x0000000000000000        0x0 ../libopencm3/lib/libopencm3_stm32f1.a(dma_common_l1f013.o)
 .text.dma_channel_reset
                0x0000000000000000       0x20 ../libopencm3/lib/libopencm3_stm32f1.a(dma_common_l1f013.o)
 .text.dma_clear_interrupt_flags
                0x0000000000000000        0xc ../libopencm3/lib/libopencm3_stm32f1.a(dma_common_l1f013.o)
 .text.dma_get_interrupt_flag
[...]
Memory Configuration

Name             Origin             Length             Attributes
ram              0x0000000020000c00 0x0000000000004400 xrw
rom              0x0000000008002000 0x000000000001e000 xr
*default*        0x0000000000000000 0xffffffffffffffff

Linker script and memory map

LOAD adb.o
LOAD ../libopencm3/lib/libopencm3_stm32f1.a
START GROUP
LOAD /usr/local/gcc-arm-none-eabi/bin/../lib/gcc/arm-none-eabi/7.3.1/../../../../arm-none-eabi/lib/thumb/v7-m/libc.a
LOAD /usr/local/gcc-arm-none-eabi/bin/../lib/gcc/arm-none-eabi/7.3.1/thumb/v7-m/libgcc.a
LOAD /usr/local/gcc-arm-none-eabi/bin/../lib/gcc/arm-none-eabi/7.3.1/../../../../arm-none-eabi/lib/thumb/v7-m/libnosys.a
END GROUP
START GROUP
LOAD /usr/local/gcc-arm-none-eabi/bin/../lib/gcc/arm-none-eabi/7.3.1/thumb/v7-m/libgcc.a
LOAD /usr/local/gcc-arm-none-eabi/bin/../lib/gcc/arm-none-eabi/7.3.1/../../../../arm-none-eabi/lib/thumb/v7-m/libg.a
LOAD /usr/local/gcc-arm-none-eabi/bin/../lib/gcc/arm-none-eabi/7.3.1/../../../../arm-none-eabi/lib/thumb/v7-m/libc.a
END GROUP

.text           0x0000000008002000      0x5b0
 *(.vectors)
 .vectors       0x0000000008002000      0x150 ../libopencm3/lib/libopencm3_stm32f1.a(vector.o)
                0x0000000008002000                vector_table
 *(.text*)
 .text.tim3_isr
                0x0000000008002150       0x2c adb.o
                0x0000000008002150                tim3_isr
 .text.startup.main
                0x000000000800217c       0x80 adb.o
                0x000000000800217c                main
 .text.gpio_set_mode
                0x00000000080021fc       0x62 ../libopencm3/lib/libopencm3_stm32f1.a(gpio.o)
                0x00000000080021fc                gpio_set_mode
 .text.gpio_toggle
                0x000000000800225e       0x12 ../libopencm3/lib/libopencm3_stm32f1.a(gpio_common_all.o)
                0x000000000800225e                gpio_toggle
 .text.rcc_osc_on.part.1
                0x0000000008002270       0x10 ../libopencm3/lib/libopencm3_stm32f1.a(rcc.o)
 .text.rcc_is_osc_ready
                0x0000000008002280       0x5c ../libopencm3/lib/libopencm3_stm32f1.a(rcc.o)
                0x0000000008002280                rcc_is_osc_ready
 .text.rcc_wait_for_osc_ready
                0x00000000080022dc       0x10 ../libopencm3/lib/libopencm3_stm32f1.a(rcc.o)
                0x00000000080022dc                rcc_wait_for_osc_ready
 .text.rcc_osc_on
                0x00000000080022ec       0x54 ../libopencm3/lib/libopencm3_stm32f1.a(rcc.o)
                0x00000000080022ec                rcc_osc_on
 .text.rcc_set_sysclk_source
                0x0000000008002340       0x14 ../libopencm3/lib/libopencm3_stm32f1.a(rcc.o)
                0x0000000008002340                rcc_set_sysclk_source
 .text.rcc_set_pll_multiplication_factor
                0x0000000008002354       0x14 ../libopencm3/lib/libopencm3_stm32f1.a(rcc.o)
                0x0000000008002354                rcc_set_pll_multiplication_factor
 .text.rcc_set_pll_source
                0x0000000008002368       0x14 ../libopencm3/lib/libopencm3_stm32f1.a(rcc.o)
                0x0000000008002368                rcc_set_pll_source
 .text.rcc_set_pllxtpre
                0x000000000800237c       0x14 ../libopencm3/lib/libopencm3_stm32f1.a(rcc.o)
                0x000000000800237c                rcc_set_pllxtpre
 .text.rcc_set_adcpre
                0x0000000008002390       0x14 ../libopencm3/lib/libopencm3_stm32f1.a(rcc.o)
                0x0000000008002390                rcc_set_adcpre
 .text.rcc_set_ppre2
                0x00000000080023a4       0x14 ../libopencm3/lib/libopencm3_stm32f1.a(rcc.o)
                0x00000000080023a4                rcc_set_ppre2
 .text.rcc_set_ppre1
                0x00000000080023b8       0x14 ../libopencm3/lib/libopencm3_stm32f1.a(rcc.o)
                0x00000000080023b8                rcc_set_ppre1
 .text.rcc_set_hpre
                0x00000000080023cc       0x14 ../libopencm3/lib/libopencm3_stm32f1.a(rcc.o)
                0x00000000080023cc                rcc_set_hpre
 .text.rcc_clock_setup_in_hse_8mhz_out_72mhz
                0x00000000080023e0       0x8c ../libopencm3/lib/libopencm3_stm32f1.a(rcc.o)
                0x00000000080023e0                rcc_clock_setup_in_hse_8mhz_out_72mhz
 .text.rcc_periph_clock_enable
                0x000000000800246c       0x1a ../libopencm3/lib/libopencm3_stm32f1.a(rcc_common_all.o)
                0x000000000800246c                rcc_periph_clock_enable
 .text.rcc_periph_reset_pulse
                0x0000000008002486       0x22 ../libopencm3/lib/libopencm3_stm32f1.a(rcc_common_all.o)
                0x0000000008002486                rcc_periph_reset_pulse
 .text.timer_enable_irq
                0x00000000080024a8        0x8 ../libopencm3/lib/libopencm3_stm32f1.a(timer_common_all.o)
                0x00000000080024a8                timer_enable_irq
 .text.timer_get_flag
                0x00000000080024b0        0xc ../libopencm3/lib/libopencm3_stm32f1.a(timer_common_all.o)
                0x00000000080024b0                timer_get_flag
 .text.timer_clear_flag
                0x00000000080024bc        0x6 ../libopencm3/lib/libopencm3_stm32f1.a(timer_common_all.o)
                0x00000000080024bc                timer_clear_flag
 .text.timer_disable_preload
                0x00000000080024c2        0xa ../libopencm3/lib/libopencm3_stm32f1.a(timer_common_all.o)
                0x00000000080024c2                timer_disable_preload
 .text.timer_continuous_mode
                0x00000000080024cc        0xa ../libopencm3/lib/libopencm3_stm32f1.a(timer_common_all.o)
                0x00000000080024cc                timer_continuous_mode
 .text.timer_enable_counter
                0x00000000080024d6        0xa ../libopencm3/lib/libopencm3_stm32f1.a(timer_common_all.o)
                0x00000000080024d6                timer_enable_counter
 .text.timer_set_prescaler
                0x00000000080024e0        0x4 ../libopencm3/lib/libopencm3_stm32f1.a(timer_common_all.o)
                0x00000000080024e0                timer_set_prescaler
 .text.timer_set_period
                0x00000000080024e4        0x4 ../libopencm3/lib/libopencm3_stm32f1.a(timer_common_all.o)
                0x00000000080024e4                timer_set_period
 .text.blocking_handler
                0x00000000080024e8        0x2 ../libopencm3/lib/libopencm3_stm32f1.a(vector.o)
                0x00000000080024e8                exti0_isr
                0x00000000080024e8                rtc_isr
                0x00000000080024e8                tim7_isr
                0x00000000080024e8                adc1_2_isr
                0x00000000080024e8                tim1_trg_com_isr
                0x00000000080024e8                usb_hp_can_tx_isr
                0x00000000080024e8                tim6_isr
                0x00000000080024e8                usb_wakeup_isr
                0x00000000080024e8                blocking_handler
                0x00000000080024e8                tim5_isr
                0x00000000080024e8                otg_fs_isr
                0x00000000080024e8                spi1_isr
                0x00000000080024e8                exti2_isr
                0x00000000080024e8                dma1_channel6_isr
                0x00000000080024e8                can_rx1_isr
                0x00000000080024e8                dma1_channel5_isr
                0x00000000080024e8                dma2_channel5_isr
                0x00000000080024e8                usart1_isr
                0x00000000080024e8                usage_fault_handler
                0x00000000080024e8                tim8_trg_com_isr
                0x00000000080024e8                can2_rx0_isr
                0x00000000080024e8                tim1_brk_isr
                0x00000000080024e8                can2_rx1_isr
                0x00000000080024e8                tim1_cc_isr
                0x00000000080024e8                sdio_isr
                0x00000000080024e8                eth_isr
                0x00000000080024e8                dma1_channel4_isr
                0x00000000080024e8                tim8_brk_isr
                0x00000000080024e8                dma2_channel4_5_isr
                0x00000000080024e8                pvd_isr
                0x00000000080024e8                rcc_isr
                0x00000000080024e8                flash_isr
                0x00000000080024e8                uart4_isr
                0x00000000080024e8                rtc_alarm_isr
                0x00000000080024e8                exti15_10_isr
                0x00000000080024e8                hard_fault_handler
                0x00000000080024e8                exti1_isr
                0x00000000080024e8                i2c1_ev_isr
                0x00000000080024e8                dma2_channel1_isr
                0x00000000080024e8                spi2_isr
                0x00000000080024e8                tim8_up_isr
                0x00000000080024e8                dma2_channel2_isr
                0x00000000080024e8                exti3_isr
                0x00000000080024e8                adc3_isr
                0x00000000080024e8                usart2_isr
                0x00000000080024e8                usb_lp_can_rx0_isr
                0x00000000080024e8                i2c2_er_isr
                0x00000000080024e8                i2c2_ev_isr
                0x00000000080024e8                uart5_isr
                0x00000000080024e8                fsmc_isr
                0x00000000080024e8                dma1_channel1_isr
                0x00000000080024e8                exti4_isr
                0x00000000080024e8                mem_manage_handler
                0x00000000080024e8                can2_tx_isr
                0x00000000080024e8                exti9_5_isr
                0x00000000080024e8                dma2_channel3_isr
                0x00000000080024e8                dma1_channel7_isr
                0x00000000080024e8                tim1_up_isr
                0x00000000080024e8                can2_sce_isr
                0x00000000080024e8                tim4_isr
                0x00000000080024e8                dma1_channel2_isr
                0x00000000080024e8                i2c1_er_isr
                0x00000000080024e8                can_sce_isr
                0x00000000080024e8                tim8_cc_isr
                0x00000000080024e8                tamper_isr
                0x00000000080024e8                eth_wkup_isr
                0x00000000080024e8                bus_fault_handler
                0x00000000080024e8                wwdg_isr
                0x00000000080024e8                dma1_channel3_isr
                0x00000000080024e8                spi3_isr
                0x00000000080024e8                tim2_isr
                0x00000000080024e8                usart3_isr
 .text.null_handler
                0x00000000080024ea        0x2 ../libopencm3/lib/libopencm3_stm32f1.a(vector.o)
                0x00000000080024ea                null_handler
                0x00000000080024ea                sv_call_handler
                0x00000000080024ea                pend_sv_handler
                0x00000000080024ea                debug_monitor_handler
                0x00000000080024ea                sys_tick_handler
                0x00000000080024ea                nmi_handler
 .text.reset_handler
                0x00000000080024ec       0x94 ../libopencm3/lib/libopencm3_stm32f1.a(vector.o)
                0x00000000080024ec                reset_handler
 .text.nvic_enable_irq
                0x0000000008002580       0x1a ../libopencm3/lib/libopencm3_stm32f1.a(nvic.o)
                0x0000000008002580                nvic_enable_irq
 *fill*         0x000000000800259a        0x2 
 .text.flash_set_ws
                0x000000000800259c       0x14 ../libopencm3/lib/libopencm3_stm32f1.a(flash_common_all.o)
                0x000000000800259c                flash_set_ws
                0x00000000080025b0                . = ALIGN (0x4)
 *(.rodata*)
                0x00000000080025b0                . = ALIGN (0x4)

.glue_7         0x00000000080025b0        0x0
 .glue_7        0x00000000080025b0        0x0 linker stubs

.glue_7t        0x00000000080025b0        0x0
 .glue_7t       0x00000000080025b0        0x0 linker stubs

.vfp11_veneer   0x00000000080025b0        0x0
 .vfp11_veneer  0x00000000080025b0        0x0 linker stubs

.v4_bx          0x00000000080025b0        0x0
 .v4_bx         0x00000000080025b0        0x0 linker stubs

.iplt           0x00000000080025b0        0x0
 .iplt          0x00000000080025b0        0x0 adb.o

.rel.dyn        0x00000000080025b0        0x0
 .rel.iplt      0x00000000080025b0        0x0 adb.o

.preinit_array  0x00000000080025b0        0x0
                0x00000000080025b0                . = ALIGN (0x4)
                0x00000000080025b0                __preinit_array_start = .
 *(.preinit_array)
                0x00000000080025b0                __preinit_array_end = .

.init_array     0x00000000080025b0        0x0
                0x00000000080025b0                . = ALIGN (0x4)
                0x00000000080025b0                __init_array_start = .
 *(SORT_BY_NAME(.init_array.*))
 *(.init_array)
                0x00000000080025b0                __init_array_end = .

.fini_array     0x00000000080025b0        0x0
                0x00000000080025b0                . = ALIGN (0x4)
                0x00000000080025b0                __fini_array_start = .
 *(.fini_array)
 *(SORT_BY_NAME(.fini_array.*))
                0x00000000080025b0                __fini_array_end = .

.ARM.extab
 *(.ARM.extab*)

.ARM.exidx      0x00000000080025b0        0x0
                0x00000000080025b0                __exidx_start = .
 *(.ARM.exidx*)
                0x00000000080025b0                __exidx_end = .
                0x00000000080025b0                . = ALIGN (0x4)
                0x00000000080025b0                _etext = .

.data           0x0000000020000c00        0xc load address 0x00000000080025b0
                0x0000000020000c00                _data = .
 *(.data*)
 .data.rcc_ahb_frequency
                0x0000000020000c00        0x4 ../libopencm3/lib/libopencm3_stm32f1.a(rcc.o)
                0x0000000020000c00                rcc_ahb_frequency
 .data.rcc_apb1_frequency
                0x0000000020000c04        0x4 ../libopencm3/lib/libopencm3_stm32f1.a(rcc.o)
                0x0000000020000c04                rcc_apb1_frequency
 .data.rcc_apb2_frequency
                0x0000000020000c08        0x4 ../libopencm3/lib/libopencm3_stm32f1.a(rcc.o)
                0x0000000020000c08                rcc_apb2_frequency
                0x0000000020000c0c                . = ALIGN (0x4)
                0x0000000020000c0c                _edata = .
                0x00000000080025b0                _data_loadaddr = LOADADDR (.data)

.igot.plt       0x0000000020000c0c        0x0 load address 0x00000000080025bc
 .igot.plt      0x0000000020000c0c        0x0 adb.o

.bss            0x0000000020000c0c        0x0 load address 0x00000000080025bc
 *(.bss*)
 *(COMMON)
                0x0000000020000c0c                . = ALIGN (0x4)
                0x0000000020000c0c                _ebss = .

/DISCARD/
 *(.eh_frame)
                0x0000000020000c0c                . = ALIGN (0x4)
                0x0000000020000c0c                end = .
                0x0000000020005000                PROVIDE (_stack = (ORIGIN (ram) + LENGTH (ram)))
OUTPUT(adb.elf elf32-littlearm)

.debug_info     0x0000000000000000     0x3b9c
 .debug_info    0x0000000000000000      0xa90 adb.o
 .debug_info    0x0000000000000a90      0x1db ../libopencm3/lib/libopencm3_stm32f1.a(gpio.o)
 .debug_info    0x0000000000000c6b      0x22c ../libopencm3/lib/libopencm3_stm32f1.a(gpio_common_all.o)
 .debug_info    0x0000000000000e97     0x1160 ../libopencm3/lib/libopencm3_stm32f1.a(rcc.o)
 .debug_info    0x0000000000001ff7      0x5f5 ../libopencm3/lib/libopencm3_stm32f1.a(rcc_common_all.o)
 .debug_info    0x00000000000025ec     0x1008 ../libopencm3/lib/libopencm3_stm32f1.a(timer_common_all.o)
 .debug_info    0x00000000000035f4      0x2a8 ../libopencm3/lib/libopencm3_stm32f1.a(vector.o)
 .debug_info    0x000000000000389c      0x214 ../libopencm3/lib/libopencm3_stm32f1.a(nvic.o)
 .debug_info    0x0000000000003ab0       0xec ../libopencm3/lib/libopencm3_stm32f1.a(flash_common_all.o)

.debug_abbrev   0x0000000000000000      0xae5
 .debug_abbrev  0x0000000000000000      0x1a4 adb.o
 .debug_abbrev  0x00000000000001a4       0xb7 ../libopencm3/lib/libopencm3_stm32f1.a(gpio.o)
 .debug_abbrev  0x000000000000025b       0xf4 ../libopencm3/lib/libopencm3_stm32f1.a(gpio_common_all.o)
 .debug_abbrev  0x000000000000034f      0x285 ../libopencm3/lib/libopencm3_stm32f1.a(rcc.o)
 .debug_abbrev  0x00000000000005d4      0x139 ../libopencm3/lib/libopencm3_stm32f1.a(rcc_common_all.o)
 .debug_abbrev  0x000000000000070d      0x181 ../libopencm3/lib/libopencm3_stm32f1.a(timer_common_all.o)
 .debug_abbrev  0x000000000000088e      0x127 ../libopencm3/lib/libopencm3_stm32f1.a(vector.o)
 .debug_abbrev  0x00000000000009b5       0xa6 ../libopencm3/lib/libopencm3_stm32f1.a(nvic.o)
 .debug_abbrev  0x0000000000000a5b       0x8a ../libopencm3/lib/libopencm3_stm32f1.a(flash_common_all.o)

.debug_loc      0x0000000000000000     0x120a
 .debug_loc     0x0000000000000000      0x108 adb.o
 .debug_loc     0x0000000000000108      0x48a ../libopencm3/lib/libopencm3_stm32f1.a(gpio.o)
 .debug_loc     0x0000000000000592       0x97 ../libopencm3/lib/libopencm3_stm32f1.a(gpio_common_all.o)
 .debug_loc     0x0000000000000629      0x480 ../libopencm3/lib/libopencm3_stm32f1.a(rcc.o)
 .debug_loc     0x0000000000000aa9      0x108 ../libopencm3/lib/libopencm3_stm32f1.a(rcc_common_all.o)
 .debug_loc     0x0000000000000bb1      0x407 ../libopencm3/lib/libopencm3_stm32f1.a(timer_common_all.o)
 .debug_loc     0x0000000000000fb8       0xea ../libopencm3/lib/libopencm3_stm32f1.a(vector.o)
 .debug_loc     0x00000000000010a2      0x129 ../libopencm3/lib/libopencm3_stm32f1.a(nvic.o)
 .debug_loc     0x00000000000011cb       0x3f ../libopencm3/lib/libopencm3_stm32f1.a(flash_common_all.o)

.debug_aranges  0x0000000000000000      0x5d0
 .debug_aranges
                0x0000000000000000       0x58 adb.o
 .debug_aranges
                0x0000000000000058       0x38 ../libopencm3/lib/libopencm3_stm32f1.a(gpio.o)
 .debug_aranges
                0x0000000000000090       0x50 ../libopencm3/lib/libopencm3_stm32f1.a(gpio_common_all.o)
 .debug_aranges
                0x00000000000000e0      0x158 ../libopencm3/lib/libopencm3_stm32f1.a(rcc.o)
 .debug_aranges
                0x0000000000000238       0x68 ../libopencm3/lib/libopencm3_stm32f1.a(rcc_common_all.o)
 .debug_aranges
                0x00000000000002a0      0x268 ../libopencm3/lib/libopencm3_stm32f1.a(timer_common_all.o)
 .debug_aranges
                0x0000000000000508       0x30 ../libopencm3/lib/libopencm3_stm32f1.a(vector.o)
 .debug_aranges
                0x0000000000000538       0x60 ../libopencm3/lib/libopencm3_stm32f1.a(nvic.o)
 .debug_aranges
                0x0000000000000598       0x38 ../libopencm3/lib/libopencm3_stm32f1.a(flash_common_all.o)

.debug_ranges   0x0000000000000000      0x5a0
 .debug_ranges  0x0000000000000000       0x48 adb.o
 .debug_ranges  0x0000000000000048       0x28 ../libopencm3/lib/libopencm3_stm32f1.a(gpio.o)
 .debug_ranges  0x0000000000000070       0x40 ../libopencm3/lib/libopencm3_stm32f1.a(gpio_common_all.o)
 .debug_ranges  0x00000000000000b0      0x1a8 ../libopencm3/lib/libopencm3_stm32f1.a(rcc.o)
 .debug_ranges  0x0000000000000258       0x58 ../libopencm3/lib/libopencm3_stm32f1.a(rcc_common_all.o)
 .debug_ranges  0x00000000000002b0      0x258 ../libopencm3/lib/libopencm3_stm32f1.a(timer_common_all.o)
 .debug_ranges  0x0000000000000508       0x20 ../libopencm3/lib/libopencm3_stm32f1.a(vector.o)
 .debug_ranges  0x0000000000000528       0x50 ../libopencm3/lib/libopencm3_stm32f1.a(nvic.o)
 .debug_ranges  0x0000000000000578       0x28 ../libopencm3/lib/libopencm3_stm32f1.a(flash_common_all.o)

.debug_macro    0x0000000000000000     0x4fcb
 .debug_macro   0x0000000000000000      0x128 adb.o
 .debug_macro   0x0000000000000128      0xa4e adb.o
 .debug_macro   0x0000000000000b76       0x22 adb.o
 .debug_macro   0x0000000000000b98       0x56 adb.o
 .debug_macro   0x0000000000000bee       0x51 adb.o
 .debug_macro   0x0000000000000c3f       0xef adb.o
 .debug_macro   0x0000000000000d2e       0x6a adb.o
 .debug_macro   0x0000000000000d98      0x1df adb.o
 .debug_macro   0x0000000000000f77       0x1c adb.o
 .debug_macro   0x0000000000000f93       0x22 adb.o
 .debug_macro   0x0000000000000fb5       0xe8 adb.o
 .debug_macro   0x000000000000109d       0x76 adb.o
 .debug_macro   0x0000000000001113      0x1b4 adb.o
 .debug_macro   0x00000000000012c7      0x82c adb.o
 .debug_macro   0x0000000000001af3       0x76 adb.o
 .debug_macro   0x0000000000001b69      0xe04 adb.o
 .debug_macro   0x000000000000296d      0xf9a adb.o
 .debug_macro   0x0000000000003907      0x4f5 adb.o
 .debug_macro   0x0000000000003dfc       0x6f adb.o
 .debug_macro   0x0000000000003e6b       0x6e adb.o
 .debug_macro   0x0000000000003ed9      0x1a2 adb.o
 .debug_macro   0x000000000000407b       0xb8 ../libopencm3/lib/libopencm3_stm32f1.a(gpio.o)
 .debug_macro   0x0000000000004133       0xb8 ../libopencm3/lib/libopencm3_stm32f1.a(gpio_common_all.o)
 .debug_macro   0x00000000000041eb       0xe7 ../libopencm3/lib/libopencm3_stm32f1.a(rcc.o)
 .debug_macro   0x00000000000042d2       0x16 ../libopencm3/lib/libopencm3_stm32f1.a(rcc.o)
 .debug_macro   0x00000000000042e8       0xee ../libopencm3/lib/libopencm3_stm32f1.a(rcc.o)
 .debug_macro   0x00000000000043d6       0x82 ../libopencm3/lib/libopencm3_stm32f1.a(rcc.o)
 .debug_macro   0x0000000000004458       0xce ../libopencm3/lib/libopencm3_stm32f1.a(rcc_common_all.o)
 .debug_macro   0x0000000000004526       0xcb ../libopencm3/lib/libopencm3_stm32f1.a(timer_common_all.o)
 .debug_macro   0x00000000000045f1       0xcf ../libopencm3/lib/libopencm3_stm32f1.a(vector.o)
 .debug_macro   0x00000000000046c0      0x395 ../libopencm3/lib/libopencm3_stm32f1.a(vector.o)
 .debug_macro   0x0000000000004a55       0xb3 ../libopencm3/lib/libopencm3_stm32f1.a(nvic.o)
 .debug_macro   0x0000000000004b08       0x68 ../libopencm3/lib/libopencm3_stm32f1.a(nvic.o)
 .debug_macro   0x0000000000004b70      0x39b ../libopencm3/lib/libopencm3_stm32f1.a(nvic.o)
 .debug_macro   0x0000000000004f0b       0xc0 ../libopencm3/lib/libopencm3_stm32f1.a(flash_common_all.o)

.debug_line     0x0000000000000000     0x2633
 .debug_line    0x0000000000000000      0x434 adb.o
 .debug_line    0x0000000000000434      0x2d8 ../libopencm3/lib/libopencm3_stm32f1.a(gpio.o)
 .debug_line    0x000000000000070c      0x30f ../libopencm3/lib/libopencm3_stm32f1.a(gpio_common_all.o)
 .debug_line    0x0000000000000a1b      0x6d3 ../libopencm3/lib/libopencm3_stm32f1.a(rcc.o)
 .debug_line    0x00000000000010ee      0x344 ../libopencm3/lib/libopencm3_stm32f1.a(rcc_common_all.o)
 .debug_line    0x0000000000001432      0x8f1 ../libopencm3/lib/libopencm3_stm32f1.a(timer_common_all.o)
 .debug_line    0x0000000000001d23      0x326 ../libopencm3/lib/libopencm3_stm32f1.a(vector.o)
 .debug_line    0x0000000000002049      0x2ea ../libopencm3/lib/libopencm3_stm32f1.a(nvic.o)
 .debug_line    0x0000000000002333      0x300 ../libopencm3/lib/libopencm3_stm32f1.a(flash_common_all.o)

.debug_str      0x0000000000000000    0x14bb1
 .debug_str     0x0000000000000000    0x114f1 adb.o
                                      0x1165f (size before relaxing)
 .debug_str     0x00000000000114f1      0x171 ../libopencm3/lib/libopencm3_stm32f1.a(gpio.o)
                                       0x84b9 (size before relaxing)
 .debug_str     0x0000000000011662       0x74 ../libopencm3/lib/libopencm3_stm32f1.a(gpio_common_all.o)
                                       0x84ad (size before relaxing)
 .debug_str     0x00000000000116d6      0xc86 ../libopencm3/lib/libopencm3_stm32f1.a(rcc.o)
                                       0x7dac (size before relaxing)
 .debug_str     0x000000000001235c      0x168 ../libopencm3/lib/libopencm3_stm32f1.a(rcc_common_all.o)
                                       0x76c2 (size before relaxing)
 .debug_str     0x00000000000124c4      0x933 ../libopencm3/lib/libopencm3_stm32f1.a(timer_common_all.o)
                                       0xbc7b (size before relaxing)
 .debug_str     0x0000000000012df7     0x1c92 ../libopencm3/lib/libopencm3_stm32f1.a(vector.o)
                                       0x6582 (size before relaxing)
 .debug_str     0x0000000000014a89       0xc4 ../libopencm3/lib/libopencm3_stm32f1.a(nvic.o)
                                       0x5b64 (size before relaxing)
 .debug_str     0x0000000000014b4d       0x64 ../libopencm3/lib/libopencm3_stm32f1.a(flash_common_all.o)
                                       0x5485 (size before relaxing)

.comment        0x0000000000000000       0x7f
 .comment       0x0000000000000000       0x7f adb.o
                                         0x80 (size before relaxing)
 .comment       0x000000000000007f       0x80 ../libopencm3/lib/libopencm3_stm32f1.a(gpio.o)
 .comment       0x000000000000007f       0x80 ../libopencm3/lib/libopencm3_stm32f1.a(gpio_common_all.o)
 .comment       0x000000000000007f       0x80 ../libopencm3/lib/libopencm3_stm32f1.a(rcc.o)
 .comment       0x000000000000007f       0x80 ../libopencm3/lib/libopencm3_stm32f1.a(rcc_common_all.o)
 .comment       0x000000000000007f       0x80 ../libopencm3/lib/libopencm3_stm32f1.a(timer_common_all.o)
 .comment       0x000000000000007f       0x80 ../libopencm3/lib/libopencm3_stm32f1.a(vector.o)
 .comment       0x000000000000007f       0x80 ../libopencm3/lib/libopencm3_stm32f1.a(nvic.o)
 .comment       0x000000000000007f       0x80 ../libopencm3/lib/libopencm3_stm32f1.a(flash_common_all.o)

.ARM.attributes
                0x0000000000000000       0x33
 .ARM.attributes
                0x0000000000000000       0x33 adb.o
 .ARM.attributes
                0x0000000000000033       0x33 ../libopencm3/lib/libopencm3_stm32f1.a(gpio.o)
 .ARM.attributes
                0x0000000000000066       0x33 ../libopencm3/lib/libopencm3_stm32f1.a(gpio_common_all.o)
 .ARM.attributes
                0x0000000000000099       0x33 ../libopencm3/lib/libopencm3_stm32f1.a(rcc.o)
 .ARM.attributes
                0x00000000000000cc       0x33 ../libopencm3/lib/libopencm3_stm32f1.a(rcc_common_all.o)
 .ARM.attributes
                0x00000000000000ff       0x33 ../libopencm3/lib/libopencm3_stm32f1.a(timer_common_all.o)
 .ARM.attributes
                0x0000000000000132       0x33 ../libopencm3/lib/libopencm3_stm32f1.a(vector.o)
 .ARM.attributes
                0x0000000000000165       0x33 ../libopencm3/lib/libopencm3_stm32f1.a(nvic.o)
 .ARM.attributes
                0x0000000000000198       0x33 ../libopencm3/lib/libopencm3_stm32f1.a(flash_common_all.o)

.debug_frame    0x0000000000000000      0xb70
 .debug_frame   0x0000000000000000       0xd0 adb.o
 .debug_frame   0x00000000000000d0       0x64 ../libopencm3/lib/libopencm3_stm32f1.a(gpio.o)
 .debug_frame   0x0000000000000134       0x80 ../libopencm3/lib/libopencm3_stm32f1.a(gpio_common_all.o)
 .debug_frame   0x00000000000001b4      0x2e0 ../libopencm3/lib/libopencm3_stm32f1.a(rcc.o)
 .debug_frame   0x0000000000000494       0xd0 ../libopencm3/lib/libopencm3_stm32f1.a(rcc_common_all.o)
 .debug_frame   0x0000000000000564      0x4d0 ../libopencm3/lib/libopencm3_stm32f1.a(timer_common_all.o)
 .debug_frame   0x0000000000000a34       0x4c ../libopencm3/lib/libopencm3_stm32f1.a(vector.o)
 .debug_frame   0x0000000000000a80       0xa0 ../libopencm3/lib/libopencm3_stm32f1.a(nvic.o)
 .debug_frame   0x0000000000000b20       0x50 ../libopencm3/lib/libopencm3_stm32f1.a(flash_common_all.o)

Cross Reference Table

Symbol                                            File
__fini_array_end                                  ../libopencm3/lib/libopencm3_stm32f1.a(vector.o)
__fini_array_start                                ../libopencm3/lib/libopencm3_stm32f1.a(vector.o)
__init_array_end                                  ../libopencm3/lib/libopencm3_stm32f1.a(vector.o)
__init_array_start                                ../libopencm3/lib/libopencm3_stm32f1.a(vector.o)
__preinit_array_end                               ../libopencm3/lib/libopencm3_stm32f1.a(vector.o)
__preinit_array_start                             ../libopencm3/lib/libopencm3_stm32f1.a(vector.o)
_data                                             ../libopencm3/lib/libopencm3_stm32f1.a(vector.o)
_data_loadaddr                                    ../libopencm3/lib/libopencm3_stm32f1.a(vector.o)
_ebss                                             ../libopencm3/lib/libopencm3_stm32f1.a(vector.o)
_edata                                            ../libopencm3/lib/libopencm3_stm32f1.a(vector.o)
_stack                                            ../libopencm3/lib/libopencm3_stm32f1.a(vector.o)
adb_prepare_input                                 adb.o
adb_prepare_output                                adb.o
adb_send_bytes                                    adb.o
adb_send_data                                     adb.o
adc1_2_isr                                        ../libopencm3/lib/libopencm3_stm32f1.a(vector.o)
adc3_isr                                          ../libopencm3/lib/libopencm3_stm32f1.a(vector.o)
attn_sync                                         adb.o
blocking_handler                                  ../libopencm3/lib/libopencm3_stm32f1.a(vector.o)
bus_fault_handler                                 ../libopencm3/lib/libopencm3_stm32f1.a(vector.o)
can2_rx0_isr                                      ../libopencm3/lib/libopencm3_stm32f1.a(vector.o)
can2_rx1_isr                                      ../libopencm3/lib/libopencm3_stm32f1.a(vector.o)
can2_sce_isr                                      ../libopencm3/lib/libopencm3_stm32f1.a(vector.o)
can2_tx_isr                                       ../libopencm3/lib/libopencm3_stm32f1.a(vector.o)
can_rx1_isr                                       ../libopencm3/lib/libopencm3_stm32f1.a(vector.o)
can_sce_isr                                       ../libopencm3/lib/libopencm3_stm32f1.a(vector.o)
cm3_assert_failed                                 ../libopencm3/lib/libopencm3_stm32f1.a(assert.o)
                                                  ../libopencm3/lib/libopencm3_stm32f1.a(rcc.o)
cm3_assert_failed_verbose                         ../libopencm3/lib/libopencm3_stm32f1.a(assert.o)
data_done                                         adb.o
debug_monitor_handler                             ../libopencm3/lib/libopencm3_stm32f1.a(vector.o)
dma1_channel1_isr                                 ../libopencm3/lib/libopencm3_stm32f1.a(vector.o)
dma1_channel2_isr                                 ../libopencm3/lib/libopencm3_stm32f1.a(vector.o)
dma1_channel3_isr                                 ../libopencm3/lib/libopencm3_stm32f1.a(vector.o)
dma1_channel4_isr                                 ../libopencm3/lib/libopencm3_stm32f1.a(vector.o)
dma1_channel5_isr                                 ../libopencm3/lib/libopencm3_stm32f1.a(vector.o)
dma1_channel6_isr                                 ../libopencm3/lib/libopencm3_stm32f1.a(vector.o)
dma1_channel7_isr                                 ../libopencm3/lib/libopencm3_stm32f1.a(vector.o)
dma2_channel1_isr                                 ../libopencm3/lib/libopencm3_stm32f1.a(vector.o)
dma2_channel2_isr                                 ../libopencm3/lib/libopencm3_stm32f1.a(vector.o)
dma2_channel3_isr                                 ../libopencm3/lib/libopencm3_stm32f1.a(vector.o)
dma2_channel4_5_isr                               ../libopencm3/lib/libopencm3_stm32f1.a(vector.o)
dma2_channel5_isr                                 ../libopencm3/lib/libopencm3_stm32f1.a(vector.o)
dma_channel_reset                                 ../libopencm3/lib/libopencm3_stm32f1.a(dma_common_l1f013.o)
dma_clear_interrupt_flags                         ../libopencm3/lib/libopencm3_stm32f1.a(dma_common_l1f013.o)
dma_disable_channel                               ../libopencm3/lib/libopencm3_stm32f1.a(dma_common_l1f013.o)
                                                  adb.o
dma_disable_half_transfer_interrupt               ../libopencm3/lib/libopencm3_stm32f1.a(dma_common_l1f013.o)
dma_disable_memory_increment_mode                 ../libopencm3/lib/libopencm3_stm32f1.a(dma_common_l1f013.o)
dma_disable_peripheral_increment_mode             ../libopencm3/lib/libopencm3_stm32f1.a(dma_common_l1f013.o)
dma_disable_transfer_complete_interrupt           ../libopencm3/lib/libopencm3_stm32f1.a(dma_common_l1f013.o)
dma_disable_transfer_error_interrupt              ../libopencm3/lib/libopencm3_stm32f1.a(dma_common_l1f013.o)
dma_enable_channel                                ../libopencm3/lib/libopencm3_stm32f1.a(dma_common_l1f013.o)
                                                  adb.o
dma_enable_circular_mode                          ../libopencm3/lib/libopencm3_stm32f1.a(dma_common_l1f013.o)
dma_enable_half_transfer_interrupt                ../libopencm3/lib/libopencm3_stm32f1.a(dma_common_l1f013.o)
dma_enable_mem2mem_mode                           ../libopencm3/lib/libopencm3_stm32f1.a(dma_common_l1f013.o)
dma_enable_memory_increment_mode                  ../libopencm3/lib/libopencm3_stm32f1.a(dma_common_l1f013.o)
dma_enable_peripheral_increment_mode              ../libopencm3/lib/libopencm3_stm32f1.a(dma_common_l1f013.o)
dma_enable_transfer_complete_interrupt            ../libopencm3/lib/libopencm3_stm32f1.a(dma_common_l1f013.o)
                                                  adb.o
dma_enable_transfer_error_interrupt               ../libopencm3/lib/libopencm3_stm32f1.a(dma_common_l1f013.o)
dma_get_interrupt_flag                            ../libopencm3/lib/libopencm3_stm32f1.a(dma_common_l1f013.o)
dma_get_number_of_data                            ../libopencm3/lib/libopencm3_stm32f1.a(dma_common_l1f013.o)
dma_set_memory_address                            ../libopencm3/lib/libopencm3_stm32f1.a(dma_common_l1f013.o)
                                                  adb.o
dma_set_memory_size                               ../libopencm3/lib/libopencm3_stm32f1.a(dma_common_l1f013.o)
dma_set_number_of_data                            ../libopencm3/lib/libopencm3_stm32f1.a(dma_common_l1f013.o)
                                                  adb.o
dma_set_peripheral_address                        ../libopencm3/lib/libopencm3_stm32f1.a(dma_common_l1f013.o)
                                                  adb.o
dma_set_peripheral_size                           ../libopencm3/lib/libopencm3_stm32f1.a(dma_common_l1f013.o)
dma_set_priority                                  ../libopencm3/lib/libopencm3_stm32f1.a(dma_common_l1f013.o)
dma_set_read_from_memory                          ../libopencm3/lib/libopencm3_stm32f1.a(dma_common_l1f013.o)
dma_set_read_from_peripheral                      ../libopencm3/lib/libopencm3_stm32f1.a(dma_common_l1f013.o)
eth_isr                                           ../libopencm3/lib/libopencm3_stm32f1.a(vector.o)
eth_wkup_isr                                      ../libopencm3/lib/libopencm3_stm32f1.a(vector.o)
exti0_isr                                         ../libopencm3/lib/libopencm3_stm32f1.a(vector.o)
exti15_10_isr                                     ../libopencm3/lib/libopencm3_stm32f1.a(vector.o)
exti1_isr                                         ../libopencm3/lib/libopencm3_stm32f1.a(vector.o)
exti2_isr                                         ../libopencm3/lib/libopencm3_stm32f1.a(vector.o)
exti3_isr                                         ../libopencm3/lib/libopencm3_stm32f1.a(vector.o)
exti4_isr                                         ../libopencm3/lib/libopencm3_stm32f1.a(vector.o)
exti9_5_isr                                       ../libopencm3/lib/libopencm3_stm32f1.a(vector.o)
flash_isr                                         ../libopencm3/lib/libopencm3_stm32f1.a(vector.o)
flash_prefetch_disable                            ../libopencm3/lib/libopencm3_stm32f1.a(flash_common_all.o)
flash_prefetch_enable                             ../libopencm3/lib/libopencm3_stm32f1.a(flash_common_all.o)
flash_set_ws                                      ../libopencm3/lib/libopencm3_stm32f1.a(flash_common_all.o)
                                                  ../libopencm3/lib/libopencm3_stm32f1.a(rcc.o)
flash_unlock_option_bytes                         ../libopencm3/lib/libopencm3_stm32f1.a(flash_common_all.o)
fsmc_isr                                          ../libopencm3/lib/libopencm3_stm32f1.a(vector.o)
gpio_clear                                        ../libopencm3/lib/libopencm3_stm32f1.a(gpio_common_all.o)
gpio_get                                          ../libopencm3/lib/libopencm3_stm32f1.a(gpio_common_all.o)
gpio_port_config_lock                             ../libopencm3/lib/libopencm3_stm32f1.a(gpio_common_all.o)
gpio_port_read                                    ../libopencm3/lib/libopencm3_stm32f1.a(gpio_common_all.o)
gpio_port_write                                   ../libopencm3/lib/libopencm3_stm32f1.a(gpio_common_all.o)
gpio_primary_remap                                ../libopencm3/lib/libopencm3_stm32f1.a(gpio.o)
gpio_secondary_remap                              ../libopencm3/lib/libopencm3_stm32f1.a(gpio.o)
gpio_set                                          ../libopencm3/lib/libopencm3_stm32f1.a(gpio_common_all.o)
gpio_set_eventout                                 ../libopencm3/lib/libopencm3_stm32f1.a(gpio.o)
gpio_set_mode                                     ../libopencm3/lib/libopencm3_stm32f1.a(gpio.o)
                                                  adb.o
gpio_toggle                                       ../libopencm3/lib/libopencm3_stm32f1.a(gpio_common_all.o)
                                                  adb.o
hard_fault_handler                                ../libopencm3/lib/libopencm3_stm32f1.a(vector.o)
i2c1_er_isr                                       ../libopencm3/lib/libopencm3_stm32f1.a(vector.o)
i2c1_ev_isr                                       ../libopencm3/lib/libopencm3_stm32f1.a(vector.o)
i2c2_er_isr                                       ../libopencm3/lib/libopencm3_stm32f1.a(vector.o)
i2c2_ev_isr                                       ../libopencm3/lib/libopencm3_stm32f1.a(vector.o)
init_adb                                          adb.o
main                                              adb.o
                                                  ../libopencm3/lib/libopencm3_stm32f1.a(vector.o)
mem_manage_handler                                ../libopencm3/lib/libopencm3_stm32f1.a(vector.o)
nmi_handler                                       ../libopencm3/lib/libopencm3_stm32f1.a(vector.o)
null_handler                                      ../libopencm3/lib/libopencm3_stm32f1.a(vector.o)
nvic_clear_pending_irq                            ../libopencm3/lib/libopencm3_stm32f1.a(nvic.o)
nvic_disable_irq                                  ../libopencm3/lib/libopencm3_stm32f1.a(nvic.o)
nvic_enable_irq                                   ../libopencm3/lib/libopencm3_stm32f1.a(nvic.o)
                                                  adb.o
nvic_generate_software_interrupt                  ../libopencm3/lib/libopencm3_stm32f1.a(nvic.o)
nvic_get_active_irq                               ../libopencm3/lib/libopencm3_stm32f1.a(nvic.o)
nvic_get_irq_enabled                              ../libopencm3/lib/libopencm3_stm32f1.a(nvic.o)
nvic_get_pending_irq                              ../libopencm3/lib/libopencm3_stm32f1.a(nvic.o)
nvic_set_pending_irq                              ../libopencm3/lib/libopencm3_stm32f1.a(nvic.o)
nvic_set_priority                                 ../libopencm3/lib/libopencm3_stm32f1.a(nvic.o)
otg_fs_isr                                        ../libopencm3/lib/libopencm3_stm32f1.a(vector.o)
pend_sv_handler                                   ../libopencm3/lib/libopencm3_stm32f1.a(vector.o)
pvd_isr                                           ../libopencm3/lib/libopencm3_stm32f1.a(vector.o)
rcc_ahb_frequency                                 ../libopencm3/lib/libopencm3_stm32f1.a(rcc.o)
rcc_apb1_frequency                                ../libopencm3/lib/libopencm3_stm32f1.a(rcc.o)
                                                  adb.o
rcc_apb2_frequency                                ../libopencm3/lib/libopencm3_stm32f1.a(rcc.o)
rcc_backupdomain_reset                            ../libopencm3/lib/libopencm3_stm32f1.a(rcc.o)
rcc_clock_setup_in_hse_12mhz_out_72mhz            ../libopencm3/lib/libopencm3_stm32f1.a(rcc.o)
rcc_clock_setup_in_hse_16mhz_out_72mhz            ../libopencm3/lib/libopencm3_stm32f1.a(rcc.o)
rcc_clock_setup_in_hse_25mhz_out_72mhz            ../libopencm3/lib/libopencm3_stm32f1.a(rcc.o)
rcc_clock_setup_in_hse_8mhz_out_24mhz             ../libopencm3/lib/libopencm3_stm32f1.a(rcc.o)
rcc_clock_setup_in_hse_8mhz_out_72mhz             ../libopencm3/lib/libopencm3_stm32f1.a(rcc.o)
                                                  adb.o
rcc_clock_setup_in_hsi_out_24mhz                  ../libopencm3/lib/libopencm3_stm32f1.a(rcc.o)
rcc_clock_setup_in_hsi_out_48mhz                  ../libopencm3/lib/libopencm3_stm32f1.a(rcc.o)
rcc_clock_setup_in_hsi_out_64mhz                  ../libopencm3/lib/libopencm3_stm32f1.a(rcc.o)
rcc_css_disable                                   ../libopencm3/lib/libopencm3_stm32f1.a(rcc.o)
rcc_css_enable                                    ../libopencm3/lib/libopencm3_stm32f1.a(rcc.o)
rcc_css_int_clear                                 ../libopencm3/lib/libopencm3_stm32f1.a(rcc.o)
rcc_css_int_flag                                  ../libopencm3/lib/libopencm3_stm32f1.a(rcc.o)
rcc_enable_rtc_clock                              ../libopencm3/lib/libopencm3_stm32f1.a(rcc.o)
rcc_is_osc_ready                                  ../libopencm3/lib/libopencm3_stm32f1.a(rcc.o)
rcc_isr                                           ../libopencm3/lib/libopencm3_stm32f1.a(vector.o)
rcc_osc_bypass_disable                            ../libopencm3/lib/libopencm3_stm32f1.a(rcc_common_all.o)
rcc_osc_bypass_enable                             ../libopencm3/lib/libopencm3_stm32f1.a(rcc_common_all.o)
rcc_osc_off                                       ../libopencm3/lib/libopencm3_stm32f1.a(rcc.o)
rcc_osc_on                                        ../libopencm3/lib/libopencm3_stm32f1.a(rcc.o)
rcc_osc_ready_int_clear                           ../libopencm3/lib/libopencm3_stm32f1.a(rcc.o)
rcc_osc_ready_int_disable                         ../libopencm3/lib/libopencm3_stm32f1.a(rcc.o)
rcc_osc_ready_int_enable                          ../libopencm3/lib/libopencm3_stm32f1.a(rcc.o)
rcc_osc_ready_int_flag                            ../libopencm3/lib/libopencm3_stm32f1.a(rcc.o)
rcc_periph_clock_disable                          ../libopencm3/lib/libopencm3_stm32f1.a(rcc_common_all.o)
rcc_periph_clock_enable                           ../libopencm3/lib/libopencm3_stm32f1.a(rcc_common_all.o)
                                                  adb.o
rcc_periph_reset_hold                             ../libopencm3/lib/libopencm3_stm32f1.a(rcc_common_all.o)
rcc_periph_reset_pulse                            ../libopencm3/lib/libopencm3_stm32f1.a(rcc_common_all.o)
                                                  adb.o
rcc_periph_reset_release                          ../libopencm3/lib/libopencm3_stm32f1.a(rcc_common_all.o)
rcc_peripheral_clear_reset                        ../libopencm3/lib/libopencm3_stm32f1.a(rcc_common_all.o)
rcc_peripheral_disable_clock                      ../libopencm3/lib/libopencm3_stm32f1.a(rcc_common_all.o)
rcc_peripheral_enable_clock                       ../libopencm3/lib/libopencm3_stm32f1.a(rcc_common_all.o)
rcc_peripheral_reset                              ../libopencm3/lib/libopencm3_stm32f1.a(rcc_common_all.o)
rcc_rtc_clock_enabled_flag                        ../libopencm3/lib/libopencm3_stm32f1.a(rcc.o)
rcc_set_adcpre                                    ../libopencm3/lib/libopencm3_stm32f1.a(rcc.o)
rcc_set_hpre                                      ../libopencm3/lib/libopencm3_stm32f1.a(rcc.o)
rcc_set_mco                                       ../libopencm3/lib/libopencm3_stm32f1.a(rcc_common_all.o)
rcc_set_pll2_multiplication_factor                ../libopencm3/lib/libopencm3_stm32f1.a(rcc.o)
rcc_set_pll3_multiplication_factor                ../libopencm3/lib/libopencm3_stm32f1.a(rcc.o)
rcc_set_pll_multiplication_factor                 ../libopencm3/lib/libopencm3_stm32f1.a(rcc.o)
rcc_set_pll_source                                ../libopencm3/lib/libopencm3_stm32f1.a(rcc.o)
rcc_set_pllxtpre                                  ../libopencm3/lib/libopencm3_stm32f1.a(rcc.o)
rcc_set_ppre1                                     ../libopencm3/lib/libopencm3_stm32f1.a(rcc.o)
rcc_set_ppre2                                     ../libopencm3/lib/libopencm3_stm32f1.a(rcc.o)
rcc_set_prediv1                                   ../libopencm3/lib/libopencm3_stm32f1.a(rcc.o)
rcc_set_prediv1_source                            ../libopencm3/lib/libopencm3_stm32f1.a(rcc.o)
rcc_set_prediv2                                   ../libopencm3/lib/libopencm3_stm32f1.a(rcc.o)
rcc_set_rtc_clock_source                          ../libopencm3/lib/libopencm3_stm32f1.a(rcc.o)
rcc_set_sysclk_source                             ../libopencm3/lib/libopencm3_stm32f1.a(rcc.o)
rcc_set_usbpre                                    ../libopencm3/lib/libopencm3_stm32f1.a(rcc.o)
rcc_system_clock_source                           ../libopencm3/lib/libopencm3_stm32f1.a(rcc.o)
rcc_wait_for_osc_ready                            ../libopencm3/lib/libopencm3_stm32f1.a(rcc.o)
reset_handler                                     ../libopencm3/lib/libopencm3_stm32f1.a(vector.o)
rtc_alarm_isr                                     ../libopencm3/lib/libopencm3_stm32f1.a(vector.o)
rtc_isr                                           ../libopencm3/lib/libopencm3_stm32f1.a(vector.o)
sdio_isr                                          ../libopencm3/lib/libopencm3_stm32f1.a(vector.o)
spi1_isr                                          ../libopencm3/lib/libopencm3_stm32f1.a(vector.o)
spi2_isr                                          ../libopencm3/lib/libopencm3_stm32f1.a(vector.o)
spi3_isr                                          ../libopencm3/lib/libopencm3_stm32f1.a(vector.o)
sv_call_handler                                   ../libopencm3/lib/libopencm3_stm32f1.a(vector.o)
sys_tick_handler                                  ../libopencm3/lib/libopencm3_stm32f1.a(vector.o)
tamper_isr                                        ../libopencm3/lib/libopencm3_stm32f1.a(vector.o)
tim1_brk_isr                                      ../libopencm3/lib/libopencm3_stm32f1.a(vector.o)
tim1_cc_isr                                       ../libopencm3/lib/libopencm3_stm32f1.a(vector.o)
tim1_trg_com_isr                                  ../libopencm3/lib/libopencm3_stm32f1.a(vector.o)
tim1_up_isr                                       ../libopencm3/lib/libopencm3_stm32f1.a(vector.o)
tim2_isr                                          ../libopencm3/lib/libopencm3_stm32f1.a(vector.o)
tim3_isr                                          adb.o
tim4_isr                                          ../libopencm3/lib/libopencm3_stm32f1.a(vector.o)
tim5_isr                                          ../libopencm3/lib/libopencm3_stm32f1.a(vector.o)
tim6_isr                                          ../libopencm3/lib/libopencm3_stm32f1.a(vector.o)
tim7_isr                                          ../libopencm3/lib/libopencm3_stm32f1.a(vector.o)
tim8_brk_isr                                      ../libopencm3/lib/libopencm3_stm32f1.a(vector.o)
tim8_cc_isr                                       ../libopencm3/lib/libopencm3_stm32f1.a(vector.o)
tim8_trg_com_isr                                  ../libopencm3/lib/libopencm3_stm32f1.a(vector.o)
tim8_up_isr                                       ../libopencm3/lib/libopencm3_stm32f1.a(vector.o)
timer_clear_flag                                  ../libopencm3/lib/libopencm3_stm32f1.a(timer_common_all.o)
                                                  adb.o
timer_continuous_mode                             ../libopencm3/lib/libopencm3_stm32f1.a(timer_common_all.o)
                                                  adb.o
timer_direction_down                              ../libopencm3/lib/libopencm3_stm32f1.a(timer_common_all.o)
                                                  adb.o
timer_direction_up                                ../libopencm3/lib/libopencm3_stm32f1.a(timer_common_all.o)
timer_disable_break                               ../libopencm3/lib/libopencm3_stm32f1.a(timer_common_all.o)
timer_disable_break_automatic_output              ../libopencm3/lib/libopencm3_stm32f1.a(timer_common_all.o)
timer_disable_break_main_output                   ../libopencm3/lib/libopencm3_stm32f1.a(timer_common_all.o)
timer_disable_compare_control_update_on_trigger   ../libopencm3/lib/libopencm3_stm32f1.a(timer_common_all.o)
timer_disable_counter                             ../libopencm3/lib/libopencm3_stm32f1.a(timer_common_all.o)
                                                  adb.o
timer_disable_irq                                 ../libopencm3/lib/libopencm3_stm32f1.a(timer_common_all.o)
timer_disable_oc_clear                            ../libopencm3/lib/libopencm3_stm32f1.a(timer_common_all.o)
timer_disable_oc_output                           ../libopencm3/lib/libopencm3_stm32f1.a(timer_common_all.o)
timer_disable_oc_preload                          ../libopencm3/lib/libopencm3_stm32f1.a(timer_common_all.o)
timer_disable_preload                             ../libopencm3/lib/libopencm3_stm32f1.a(timer_common_all.o)
                                                  adb.o
timer_disable_preload_complementry_enable_bits    ../libopencm3/lib/libopencm3_stm32f1.a(timer_common_all.o)
timer_disable_update_event                        ../libopencm3/lib/libopencm3_stm32f1.a(timer_common_all.o)
timer_enable_break                                ../libopencm3/lib/libopencm3_stm32f1.a(timer_common_all.o)
timer_enable_break_automatic_output               ../libopencm3/lib/libopencm3_stm32f1.a(timer_common_all.o)
timer_enable_break_main_output                    ../libopencm3/lib/libopencm3_stm32f1.a(timer_common_all.o)
timer_enable_compare_control_update_on_trigger    ../libopencm3/lib/libopencm3_stm32f1.a(timer_common_all.o)
timer_enable_counter                              ../libopencm3/lib/libopencm3_stm32f1.a(timer_common_all.o)
                                                  adb.o
timer_enable_irq                                  ../libopencm3/lib/libopencm3_stm32f1.a(timer_common_all.o)
                                                  adb.o
timer_enable_oc_clear                             ../libopencm3/lib/libopencm3_stm32f1.a(timer_common_all.o)
timer_enable_oc_output                            ../libopencm3/lib/libopencm3_stm32f1.a(timer_common_all.o)
timer_enable_oc_preload                           ../libopencm3/lib/libopencm3_stm32f1.a(timer_common_all.o)
                                                  adb.o
timer_enable_preload                              ../libopencm3/lib/libopencm3_stm32f1.a(timer_common_all.o)
                                                  adb.o
timer_enable_preload_complementry_enable_bits     ../libopencm3/lib/libopencm3_stm32f1.a(timer_common_all.o)
timer_enable_update_event                         ../libopencm3/lib/libopencm3_stm32f1.a(timer_common_all.o)
timer_generate_event                              ../libopencm3/lib/libopencm3_stm32f1.a(timer_common_all.o)
timer_get_counter                                 ../libopencm3/lib/libopencm3_stm32f1.a(timer_common_all.o)
timer_get_flag                                    ../libopencm3/lib/libopencm3_stm32f1.a(timer_common_all.o)
                                                  adb.o
timer_ic_disable                                  ../libopencm3/lib/libopencm3_stm32f1.a(timer_common_all.o)
timer_ic_enable                                   ../libopencm3/lib/libopencm3_stm32f1.a(timer_common_all.o)
timer_ic_set_filter                               ../libopencm3/lib/libopencm3_stm32f1.a(timer_common_all.o)
timer_ic_set_input                                ../libopencm3/lib/libopencm3_stm32f1.a(timer_common_all.o)
timer_ic_set_prescaler                            ../libopencm3/lib/libopencm3_stm32f1.a(timer_common_all.o)
timer_interrupt_source                            ../libopencm3/lib/libopencm3_stm32f1.a(timer_common_all.o)
timer_one_shot_mode                               ../libopencm3/lib/libopencm3_stm32f1.a(timer_common_all.o)
timer_reset_output_idle_state                     ../libopencm3/lib/libopencm3_stm32f1.a(timer_common_all.o)
timer_set_alignment                               ../libopencm3/lib/libopencm3_stm32f1.a(timer_common_all.o)
timer_set_break_lock                              ../libopencm3/lib/libopencm3_stm32f1.a(timer_common_all.o)
timer_set_break_polarity_high                     ../libopencm3/lib/libopencm3_stm32f1.a(timer_common_all.o)
timer_set_break_polarity_low                      ../libopencm3/lib/libopencm3_stm32f1.a(timer_common_all.o)
timer_set_clock_division                          ../libopencm3/lib/libopencm3_stm32f1.a(timer_common_all.o)
                                                  adb.o
timer_set_counter                                 ../libopencm3/lib/libopencm3_stm32f1.a(timer_common_all.o)
                                                  adb.o
timer_set_deadtime                                ../libopencm3/lib/libopencm3_stm32f1.a(timer_common_all.o)
timer_set_disabled_off_state_in_idle_mode         ../libopencm3/lib/libopencm3_stm32f1.a(timer_common_all.o)
timer_set_disabled_off_state_in_run_mode          ../libopencm3/lib/libopencm3_stm32f1.a(timer_common_all.o)
timer_set_dma_on_compare_event                    ../libopencm3/lib/libopencm3_stm32f1.a(timer_common_all.o)
timer_set_dma_on_update_event                     ../libopencm3/lib/libopencm3_stm32f1.a(timer_common_all.o)
                                                  adb.o
timer_set_enabled_off_state_in_idle_mode          ../libopencm3/lib/libopencm3_stm32f1.a(timer_common_all.o)
timer_set_enabled_off_state_in_run_mode           ../libopencm3/lib/libopencm3_stm32f1.a(timer_common_all.o)
timer_set_master_mode                             ../libopencm3/lib/libopencm3_stm32f1.a(timer_common_all.o)
timer_set_mode                                    ../libopencm3/lib/libopencm3_stm32f1.a(timer_common_all.o)
timer_set_oc_fast_mode                            ../libopencm3/lib/libopencm3_stm32f1.a(timer_common_all.o)
timer_set_oc_idle_state_set                       ../libopencm3/lib/libopencm3_stm32f1.a(timer_common_all.o)
timer_set_oc_idle_state_unset                     ../libopencm3/lib/libopencm3_stm32f1.a(timer_common_all.o)
timer_set_oc_mode                                 ../libopencm3/lib/libopencm3_stm32f1.a(timer_common_all.o)
timer_set_oc_polarity_high                        ../libopencm3/lib/libopencm3_stm32f1.a(timer_common_all.o)
timer_set_oc_polarity_low                         ../libopencm3/lib/libopencm3_stm32f1.a(timer_common_all.o)
timer_set_oc_slow_mode                            ../libopencm3/lib/libopencm3_stm32f1.a(timer_common_all.o)
timer_set_oc_value                                ../libopencm3/lib/libopencm3_stm32f1.a(timer_common_all.o)
                                                  adb.o
timer_set_output_idle_state                       ../libopencm3/lib/libopencm3_stm32f1.a(timer_common_all.o)
timer_set_period                                  ../libopencm3/lib/libopencm3_stm32f1.a(timer_common_all.o)
                                                  adb.o
timer_set_prescaler                               ../libopencm3/lib/libopencm3_stm32f1.a(timer_common_all.o)
                                                  adb.o
timer_set_repetition_counter                      ../libopencm3/lib/libopencm3_stm32f1.a(timer_common_all.o)
timer_set_ti1_ch1                                 ../libopencm3/lib/libopencm3_stm32f1.a(timer_common_all.o)
timer_set_ti1_ch123_xor                           ../libopencm3/lib/libopencm3_stm32f1.a(timer_common_all.o)
timer_slave_set_filter                            ../libopencm3/lib/libopencm3_stm32f1.a(timer_common_all.o)
timer_slave_set_mode                              ../libopencm3/lib/libopencm3_stm32f1.a(timer_common_all.o)
timer_slave_set_polarity                          ../libopencm3/lib/libopencm3_stm32f1.a(timer_common_all.o)
timer_slave_set_prescaler                         ../libopencm3/lib/libopencm3_stm32f1.a(timer_common_all.o)
timer_slave_set_trigger                           ../libopencm3/lib/libopencm3_stm32f1.a(timer_common_all.o)
timer_update_on_any                               ../libopencm3/lib/libopencm3_stm32f1.a(timer_common_all.o)
timer_update_on_overflow                          ../libopencm3/lib/libopencm3_stm32f1.a(timer_common_all.o)
uart4_isr                                         ../libopencm3/lib/libopencm3_stm32f1.a(vector.o)
uart5_isr                                         ../libopencm3/lib/libopencm3_stm32f1.a(vector.o)
usage_fault_handler                               ../libopencm3/lib/libopencm3_stm32f1.a(vector.o)
usart1_isr                                        ../libopencm3/lib/libopencm3_stm32f1.a(vector.o)
usart2_isr                                        ../libopencm3/lib/libopencm3_stm32f1.a(vector.o)
usart3_isr                                        ../libopencm3/lib/libopencm3_stm32f1.a(vector.o)
usb_hp_can_tx_isr                                 ../libopencm3/lib/libopencm3_stm32f1.a(vector.o)
usb_lp_can_rx0_isr                                ../libopencm3/lib/libopencm3_stm32f1.a(vector.o)
usb_wakeup_isr                                    ../libopencm3/lib/libopencm3_stm32f1.a(vector.o)
vector_table                                      ../libopencm3/lib/libopencm3_stm32f1.a(vector.o)
wwdg_isr                                          ../libopencm3/lib/libopencm3_stm32f1.a(vector.o)
